Component: ARM Compiler 5.06 update 7 (build 960) Tool: armlink [4d3601]

==============================================================================

Section Cross References

    main.o(i.SystemClock_Config) refers to memseta.o(.text) for __aeabi_memclr4
    main.o(i.SystemClock_Config) refers to stm32g0xx_hal_pwr_ex.o(i.HAL_PWREx_ControlVoltageScaling) for HAL_PWREx_ControlVoltageScaling
    main.o(i.SystemClock_Config) refers to stm32g0xx_hal_rcc.o(i.HAL_RCC_OscConfig) for HAL_RCC_OscConfig
    main.o(i.SystemClock_Config) refers to main.o(i.Error_Handler) for Error_Handler
    main.o(i.SystemClock_Config) refers to stm32g0xx_hal_rcc.o(i.HAL_RCC_ClockConfig) for HAL_RCC_ClockConfig
    main.o(i.main) refers to stm32g0xx_hal.o(i.HAL_Init) for HAL_Init
    main.o(i.main) refers to main.o(i.SystemClock_Config) for SystemClock_Config
    main.o(i.main) refers to gpio.o(i.MX_GPIO_Init) for MX_GPIO_Init
    main.o(i.main) refers to key.o(i.KEY_Init) for KEY_Init
    main.o(i.main) refers to usart.o(i.MX_USART2_UART_Init) for MX_USART2_UART_Init
    main.o(i.main) refers to flash.o(i.init_flash_addr) for init_flash_addr
    main.o(i.main) refers to key.o(i.KEY_Scan) for KEY_Scan
    main.o(i.main) refers to stm32g0xx_hal_gpio.o(i.HAL_GPIO_TogglePin) for HAL_GPIO_TogglePin
    main.o(i.main) refers to flash.o(i.update_state) for update_state
    main.o(i.main) refers to printf8.o(i.__0printf$8) for __2printf
    main.o(i.main) refers to stm32g0xx_hal.o(i.HAL_Delay) for HAL_Delay
    main.o(i.main) refers to flash.o(.bss) for current_state
    main.o(i.main) refers to main.o(.data) for numSaves
    gpio.o(i.MX_GPIO_Init) refers to memseta.o(.text) for __aeabi_memclr4
    gpio.o(i.MX_GPIO_Init) refers to stm32g0xx_hal_gpio.o(i.HAL_GPIO_WritePin) for HAL_GPIO_WritePin
    gpio.o(i.MX_GPIO_Init) refers to stm32g0xx_hal_gpio.o(i.HAL_GPIO_Init) for HAL_GPIO_Init
    usart.o(i.HAL_UART_MspDeInit) refers to stm32g0xx_hal_gpio.o(i.HAL_GPIO_DeInit) for HAL_GPIO_DeInit
    usart.o(i.HAL_UART_MspInit) refers to memseta.o(.text) for __aeabi_memclr4
    usart.o(i.HAL_UART_MspInit) refers to stm32g0xx_hal_rcc_ex.o(i.HAL_RCCEx_PeriphCLKConfig) for HAL_RCCEx_PeriphCLKConfig
    usart.o(i.HAL_UART_MspInit) refers to main.o(i.Error_Handler) for Error_Handler
    usart.o(i.HAL_UART_MspInit) refers to stm32g0xx_hal_gpio.o(i.HAL_GPIO_Init) for HAL_GPIO_Init
    usart.o(i.MX_USART2_UART_Init) refers to stm32g0xx_hal_uart.o(i.HAL_UART_Init) for HAL_UART_Init
    usart.o(i.MX_USART2_UART_Init) refers to main.o(i.Error_Handler) for Error_Handler
    usart.o(i.MX_USART2_UART_Init) refers to stm32g0xx_hal_uart_ex.o(i.HAL_UARTEx_SetTxFifoThreshold) for HAL_UARTEx_SetTxFifoThreshold
    usart.o(i.MX_USART2_UART_Init) refers to stm32g0xx_hal_uart_ex.o(i.HAL_UARTEx_SetRxFifoThreshold) for HAL_UARTEx_SetRxFifoThreshold
    usart.o(i.MX_USART2_UART_Init) refers to stm32g0xx_hal_uart_ex.o(i.HAL_UARTEx_DisableFifoMode) for HAL_UARTEx_DisableFifoMode
    usart.o(i.MX_USART2_UART_Init) refers to usart.o(.bss) for huart2
    usart.o(i.fputc) refers to stm32g0xx_hal_uart.o(i.HAL_UART_Transmit) for HAL_UART_Transmit
    usart.o(i.fputc) refers to usart.o(.bss) for huart2
    stm32g0xx_it.o(i.SysTick_Handler) refers to stm32g0xx_hal.o(i.HAL_IncTick) for HAL_IncTick
    key.o(i.KEY_Init) refers to memseta.o(.text) for __aeabi_memclr4
    key.o(i.KEY_Init) refers to stm32g0xx_hal_gpio.o(i.HAL_GPIO_Init) for HAL_GPIO_Init
    key.o(i.KEY_Scan) refers to stm32g0xx_hal_gpio.o(i.HAL_GPIO_ReadPin) for HAL_GPIO_ReadPin
    key.o(i.KEY_Scan) refers to stm32g0xx_hal.o(i.HAL_Delay) for HAL_Delay
    flash.o(i.erase_page) refers to printf8.o(i.__0printf$8) for __2printf
    flash.o(i.erase_page) refers to stm32g0xx_hal_flash.o(i.HAL_FLASH_Unlock) for HAL_FLASH_Unlock
    flash.o(i.erase_page) refers to stm32g0xx_hal_flash_ex.o(i.HAL_FLASHEx_Erase) for HAL_FLASHEx_Erase
    flash.o(i.erase_page) refers to stm32g0xx_hal_flash.o(i.HAL_FLASH_Lock) for HAL_FLASH_Lock
    flash.o(i.flash_lock) refers to stm32g0xx_hal_flash.o(i.HAL_FLASH_Lock) for HAL_FLASH_Lock
    flash.o(i.flash_program) refers to flash.o(i.flash_unlock) for flash_unlock
    flash.o(i.flash_program) refers to stm32g0xx_hal_flash.o(i.HAL_FLASH_Program) for HAL_FLASH_Program
    flash.o(i.flash_program) refers to flash.o(i.flash_lock) for flash_lock
    flash.o(i.flash_unlock) refers to stm32g0xx_hal_flash.o(i.HAL_FLASH_Unlock) for HAL_FLASH_Unlock
    flash.o(i.get_state) refers to flash.o(.bss) for current_state
    flash.o(i.init_flash_addr) refers to flash.o(i.read_flash) for read_flash
    flash.o(i.init_flash_addr) refers to memseta.o(.text) for __aeabi_memset
    flash.o(i.init_flash_addr) refers to memcmp.o(.text) for memcmp
    flash.o(i.init_flash_addr) refers to flash.o(i.calculate_checksum) for calculate_checksum
    flash.o(i.init_flash_addr) refers to printf8.o(i.__0printf$8) for __2printf
    flash.o(i.init_flash_addr) refers to flash.o(i.erase_page) for erase_page
[...]
    printf6.o(i.__0fprintf$6) refers to printf6.o(i._printf_core) for _printf_core
    printf6.o(i.__0fprintf$6) refers to usart.o(i.fputc) for fputc
    printf6.o(i.__0printf$6) refers to printf6.o(i._printf_core) for _printf_core
    printf6.o(i.__0printf$6) refers to usart.o(i.fputc) for fputc
    printf6.o(i.__0printf$6) refers to stdout.o(.data) for __stdout
    printf6.o(i.__0snprintf$6) refers to printf6.o(i._printf_core) for _printf_core
    printf6.o(i.__0snprintf$6) refers to printf6.o(i._snputc) for _snputc
    printf6.o(i.__0sprintf$6) refers to printf6.o(i._printf_core) for _printf_core
    printf6.o(i.__0sprintf$6) refers to printf6.o(i._sputc) for _sputc
    printf6.o(i.__0vfprintf$6) refers to printf6.o(i._printf_core) for _printf_core
    printf6.o(i.__0vfprintf$6) refers to usart.o(i.fputc) for fputc
    printf6.o(i.__0vprintf$6) refers to printf6.o(i._printf_core) for _printf_core
    printf6.o(i.__0vprintf$6) refers to usart.o(i.fputc) for fputc
    printf6.o(i.__0vprintf$6) refers to stdout.o(.data) for __stdout
    printf6.o(i.__0vsnprintf$6) refers to printf6.o(i._printf_core) for _printf_core
    printf6.o(i.__0vsnprintf$6) refers to printf6.o(i._snputc) for _snputc
    printf6.o(i.__0vsprintf$6) refers to printf6.o(i._printf_core) for _printf_core
    printf6.o(i.__0vsprintf$6) refers to printf6.o(i._sputc) for _sputc
    printf6.o(i._printf_core) refers to printf6.o(i._printf_pre_padding) for _printf_pre_padding
    printf6.o(i._printf_core) refers to printf6.o(i._printf_post_padding) for _printf_post_padding
    printf6.o(i._printf_core) refers to uidiv.o(.text) for __aeabi_uidivmod
    printf7.o(i.__0fprintf$7) refers to printf7.o(i._printf_core) for _printf_core
    printf7.o(i.__0fprintf$7) refers to usart.o(i.fputc) for fputc
    printf7.o(i.__0printf$7) refers to printf7.o(i._printf_core) for _printf_core
    printf7.o(i.__0printf$7) refers to usart.o(i.fputc) for fputc
    printf7.o(i.__0printf$7) refers to stdout.o(.data) for __stdout
    printf7.o(i.__0snprintf$7) refers to printf7.o(i._printf_core) for _printf_core
    printf7.o(i.__0snprintf$7) refers to printf7.o(i._snputc) for _snputc
    printf7.o(i.__0sprintf$7) refers to printf7.o(i._printf_core) for _printf_core
    printf7.o(i.__0sprintf$7) refers to printf7.o(i._sputc) for _sputc
    printf7.o(i.__0vfprintf$7) refers to printf7.o(i._printf_core) for _printf_core
    printf7.o(i.__0vfprintf$7) refers to usart.o(i.fputc) for fputc
    printf7.o(i.__0vprintf$7) refers to printf7.o(i._printf_core) for _printf_core
    printf7.o(i.__0vprintf$7) refers to usart.o(i.fputc) for fputc
    printf7.o(i.__0vprintf$7) refers to stdout.o(.data) for __stdout
    printf7.o(i.__0vsnprintf$7) refers to printf7.o(i._printf_core) for _printf_core
    printf7.o(i.__0vsnprintf$7) refers to printf7.o(i._snputc) for _snputc
    printf7.o(i.__0vsprintf$7) refers to printf7.o(i._printf_core) for _printf_core
    printf7.o(i.__0vsprintf$7) refers to printf7.o(i._sputc) for _sputc
    printf7.o(i._printf_core) refers to printf7.o(i._printf_pre_padding) for _printf_pre_padding
    printf7.o(i._printf_core) refers to printf7.o(i._printf_post_padding) for _printf_post_padding
    printf7.o(i._printf_core) refers to uldiv.o(.text) for __aeabi_uldivmod
    printf8.o(i.__0fprintf$8) refers to printf8.o(i._printf_core) for _printf_core
    printf8.o(i.__0fprintf$8) refers to usart.o(i.fputc) for fputc
    printf8.o(i.__0printf$8) refers to printf8.o(i._printf_core) for _printf_core
    printf8.o(i.__0printf$8) refers to usart.o(i.fputc) for fputc
    printf8.o(i.__0printf$8) refers to stdout.o(.data) for __stdout
    printf8.o(i.__0snprintf$8) refers to printf8.o(i._printf_core) for _printf_core
    printf8.o(i.__0snprintf$8) refers to printf8.o(i._snputc) for _snputc
    printf8.o(i.__0sprintf$8) refers to printf8.o(i._printf_core) for _printf_core
    printf8.o(i.__0sprintf$8) refers to printf8.o(i._sputc) for _sputc
    printf8.o(i.__0vfprintf$8) refers to printf8.o(i._printf_core) for _printf_core
    printf8.o(i.__0vfprintf$8) refers to usart.o(i.fputc) for fputc
    printf8.o(i.__0vprintf$8) refers to printf8.o(i._printf_core) for _printf_core
    printf8.o(i.__0vprintf$8) refers to usart.o(i.fputc) for fputc
    printf8.o(i.__0vprintf$8) refers to stdout.o(.data) for __stdout
    printf8.o(i.__0vsnprintf$8) refers to printf8.o(i._printf_core) for _printf_core
    printf8.o(i.__0vsnprintf$8) refers to printf8.o(i._snputc) for _snputc
    printf8.o(i.__0vsprintf$8) refers to printf8.o(i._printf_core) for _printf_core
    printf8.o(i.__0vsprintf$8) refers to printf8.o(i._sputc) for _sputc
    printf8.o(i._printf_core) refers to printf8.o(i._printf_pre_padding) for _printf_pre_padding
    printf8.o(i._printf_core) refers to printf8.o(i._printf_post_padding) for _printf_post_padding
    printf8.o(i._printf_core) refers to uldiv.o(.text) for __aeabi_uldivmod
    printfa.o(i.__0fprintf) refers (Special) to iusefp.o(.text) for __I$use$fp
    printfa.o(i.__0fprintf) refers to printfa.o(i._printf_core) for _printf_core
    printfa.o(i.__0fprintf) refers to usart.o(i.fputc) for fputc
    printfa.o(i.__0printf) refers (Special) to iusefp.o(.text) for __I$use$fp
    printfa.o(i.__0printf) refers to printfa.o(i._printf_core) for _printf_core
    printfa.o(i.__0printf) refers to usart.o(i.fputc) for fputc
    printfa.o(i.__0printf) refers to stdout.o(.data) for __stdout
    printfa.o(i.__0snprintf) refers (Special) to iusefp.o(.text) for __I$use$fp
    printfa.o(i.__0snprintf) refers to printfa.o(i._printf_core) for _printf_core
    printfa.o(i.__0snprintf) refers to printfa.o(i._snputc) for _snputc
    printfa.o(i.__0sprintf) refers (Special) to iusefp.o(.text) for __I$use$fp
    printfa.o(i.__0sprintf) refers to printfa.o(i._printf_core) for _printf_core
    printfa.o(i.__0sprintf) refers to printfa.o(i._sputc) for _sputc
    printfa.o(i.__0vfprintf) refers (Special) to iusefp.o(.text) for __I$use$fp
    printfa.o(i.__0vfprintf) refers to printfa.o(i._printf_core) for _printf_core
    printfa.o(i.__0vfprintf) refers to usart.o(i.fputc) for fputc
    printfa.o(i.__0vprintf) refers (Special) to iusefp.o(.text) for __I$use$fp
    printfa.o(i.__0vprintf) refers to printfa.o(i._printf_core) for _printf_core
    printfa.o(i.__0vprintf) refers to usart.o(i.fputc) for fputc
    printfa.o(i.__0vprintf) refers to stdout.o(.data) for __stdout
    printfa.o(i.__0vsnprintf) refers (Special) to iusefp.o(.text) for __I$use$fp
    printfa.o(i.__0vsnprintf) refers to printfa.o(i._printf_core) for _printf_core
    printfa.o(i.__0vsnprintf) refers to printfa.o(i._snputc) for _snputc
    printfa.o(i.__0vsprintf) refers (Special) to iusefp.o(.text) for __I$use$fp
    printfa.o(i.__0vsprintf) refers to printfa.o(i._printf_core) for _printf_core
    printfa.o(i.__0vsprintf) refers to printfa.o(i._sputc) for _sputc
    printfa.o(i._fp_digits) refers (Special) to iusefp.o(.text) for __I$use$fp
    printfa.o(i._fp_digits) refers to dmul.o(.text) for __aeabi_dmul
    printfa.o(i._fp_digits) refers to ddiv.o(.text) for __aeabi_ddiv
    printfa.o(i._fp_digits) refers to cdrcmple.o(.text) for __aeabi_cdrcmple
    printfa.o(i._fp_digits) refers to dadd.o(.text) for __aeabi_dadd
    printfa.o(i._fp_digits) refers to dfixul.o(.text) for __aeabi_d2ulz
    printfa.o(i._fp_digits) refers to uldiv.o(.text) for __aeabi_uldivmod
    printfa.o(i._printf_core) refers (Special) to iusefp.o(.text) for __I$use$fp
    printfa.o(i._printf_core) refers to printfa.o(i._printf_pre_padding) for _printf_pre_padding
    printfa.o(i._printf_core) refers to uldiv.o(.text) for __aeabi_uldivmod
    printfa.o(i._printf_core) refers to printfa.o(i._printf_post_padding) for _printf_post_padding
    printfa.o(i._printf_core) refers to printfa.o(i._fp_digits) for _fp_digits
    printfa.o(i._printf_core) refers to uidiv.o(.text) for __aeabi_uidivmod
    printfa.o(i._printf_post_padding) refers (Special) to iusefp.o(.text) for __I$use$fp
    printfa.o(i._printf_pre_padding) refers (Special) to iusefp.o(.text) for __I$use$fp
    printfa.o(i._snputc) refers (Special) to iusefp.o(.text) for __I$use$fp
    printfa.o(i._sputc) refers (Special) to iusefp.o(.text) for __I$use$fp
    entry2.o(.ARM.Collect$$$$00000001) refers to entry2.o(.ARM.Collect$$$$00002712) for __lit__00000000
    entry2.o(.ARM.Collect$$$$00002712) refers to startup_stm32g071xx.o(STACK) for __initial_sp
    entry2.o(__vectab_stack_and_reset_area) refers to startup_stm32g071xx.o(STACK) for __initial_sp
    entry2.o(__vectab_stack_and_reset_area) refers to entry.o(.ARM.Collect$$$$00000000) for __main
    entry5.o(.ARM.Collect$$$$00000004) refers to init.o(.text) for __scatterload
    entry9a.o(.ARM.Collect$$$$0000000B) refers to main.o(i.main) for main
    entry9b.o(.ARM.Collect$$$$0000000C) refers to main.o(i.main) for main
    dadd.o(.text) refers to llshl.o(.text) for __aeabi_llsl
    dadd.o(.text) refers to llsshr.o(.text) for __aeabi_lasr
    dadd.o(.text) refers to depilogue.o(.text) for _double_epilogue
    dmul.o(.text) refers to depilogue.o(.text) for _double_epilogue
    ddiv.o(.text) refers to depilogue.o(.text) for _double_round
    dfixul.o(.text) refers to llushr.o(.text) for __aeabi_llsr
    dfixul.o(.text) refers to llshl.o(.text) for __aeabi_llsl
    init.o(.text) refers to entry5.o(.ARM.Collect$$$$00000004) for __main_after_scatterload
    depilogue.o(.text) refers to depilogue.o(i.__ARM_clz) for __ARM_clz
    depilogue.o(.text) refers to llshl.o(.text) for __aeabi_llsl
    depilogue.o(.text) refers to llushr.o(.text) for __aeabi_llsr


==============================================================================

Removing Unused input sections from the image.

    Removing main.o(.rev16_text), (4 bytes).
    Removing main.o(.revsh_text), (4 bytes).
    Removing main.o(.constdata), (7 bytes).
    Removing gpio.o(.rev16_text), (4 bytes).
    Removing gpio.o(.revsh_text), (4 bytes).
    Removing gpio.o(.constdata), (7 bytes).
    Removing usart.o(.rev16_text), (4 bytes).
    Removing usart.o(.revsh_text), (4 bytes).
    Removing usart.o(i.HAL_UART_MspDeInit), (48 bytes).
    Removing usart.o(.constdata), (7 bytes).
    Removing stm32g0xx_it.o(.rev16_text), (4 bytes).
    Removing stm32g0xx_it.o(.revsh_text), (4 bytes).
    Removing stm32g0xx_it.o(.constdata), (7 bytes).
    Removing stm32g0xx_hal_msp.o(.rev16_text), (4 bytes).
    Removing stm32g0xx_hal_msp.o(.revsh_text), (4 bytes).
    Removing stm32g0xx_hal_msp.o(.constdata), (7 bytes).
    Removing key.o(.rev16_text), (4 bytes).
    Removing key.o(.revsh_text), (4 bytes).
    Removing key.o(.constdata), (7 bytes).
    Removing flash.o(.rev16_text), (4 bytes).
    Removing flash.o(.revsh_text), (4 bytes).
    Removing flash.o(i.get_state), (16 bytes).
    Removing flash.o(.constdata), (7 bytes).
    Removing stm32g0xx_hal_tim.o(.rev16_text), (4 bytes).
    Removing stm32g0xx_hal_tim.o(.revsh_text), (4 bytes).
    Removing stm32g0xx_hal_tim.o(.constdata), (7 bytes).
    Removing stm32g0xx_hal_tim_ex.o(.rev16_text), (4 bytes).
    Removing stm32g0xx_hal_tim_ex.o(.revsh_text), (4 bytes).
    Removing stm32g0xx_hal_tim_ex.o(.constdata), (7 bytes).
    Removing stm32g0xx_hal_uart.o(.rev16_text), (4 bytes).
    Removing stm32g0xx_hal_uart.o(.revsh_text), (4 bytes).
    Removing stm32g0xx_hal_uart.o(i.HAL_HalfDuplex_EnableReceiver), (120 bytes).
    Removing stm32g0xx_hal_uart.o(i.HAL_HalfDuplex_EnableTransmitter), (120 bytes).
    Removing stm32g0xx_hal_uart.o(i.HAL_HalfDuplex_Init), (132 bytes).
    Removing stm32g0xx_hal_uart.o(i.HAL_LIN_Init), (174 bytes).
    Removing stm32g0xx_hal_uart.o(i.HAL_LIN_SendBreak), (62 bytes).
    Removing stm32g0xx_hal_uart.o(i.HAL_MultiProcessor_DisableMuteMode), (82 bytes).
    Removing stm32g0xx_hal_uart.o(i.HAL_MultiProcessor_EnableMuteMode), (82 bytes).
    Removing stm32g0xx_hal_uart.o(i.HAL_MultiProcessor_EnterMuteMode), (14 bytes).
    Removing stm32g0xx_hal_uart.o(i.HAL_MultiProcessor_Init), (164 bytes).
    Removing stm32g0xx_hal_uart.o(i.HAL_UARTEx_RxEventCallback), (2 bytes).
    Removing stm32g0xx_hal_uart.o(i.HAL_UART_Abort), (376 bytes).
    Removing stm32g0xx_hal_uart.o(i.HAL_UART_AbortCpltCallback), (2 bytes).
    Removing stm32g0xx_hal_uart.o(i.HAL_UART_AbortReceive), (252 bytes).
    Removing stm32g0xx_hal_uart.o(i.HAL_UART_AbortReceiveCpltCallback), (2 bytes).
    Removing stm32g0xx_hal_uart.o(i.HAL_UART_AbortReceive_IT), (292 bytes).
    Removing stm32g0xx_hal_uart.o(i.HAL_UART_AbortTransmit), (200 bytes).
    Removing stm32g0xx_hal_uart.o(i.HAL_UART_AbortTransmitCpltCallback), (2 bytes).
    Removing stm32g0xx_hal_uart.o(i.HAL_UART_AbortTransmit_IT), (228 bytes).
    Removing stm32g0xx_hal_uart.o(i.HAL_UART_Abort_IT), (436 bytes).
    Removing stm32g0xx_hal_uart.o(i.HAL_UART_DMAPause), (186 bytes).
    Removing stm32g0xx_hal_uart.o(i.HAL_UART_DMAResume), (174 bytes).
    Removing stm32g0xx_hal_uart.o(i.HAL_UART_DMAStop), (206 bytes).
    Removing stm32g0xx_hal_uart.o(i.HAL_UART_DeInit), (82 bytes).
    Removing stm32g0xx_hal_uart.o(i.HAL_UART_DisableReceiverTimeout), (92 bytes).
    Removing stm32g0xx_hal_uart.o(i.HAL_UART_EnableReceiverTimeout), (92 bytes).
    Removing stm32g0xx_hal_uart.o(i.HAL_UART_ErrorCallback), (2 bytes).
    Removing stm32g0xx_hal_uart.o(i.HAL_UART_GetError), (8 bytes).
    Removing stm32g0xx_hal_uart.o(i.HAL_UART_GetState), (16 bytes).
    Removing stm32g0xx_hal_uart.o(i.HAL_UART_IRQHandler), (1094 bytes).
    Removing stm32g0xx_hal_uart.o(i.HAL_UART_MspDeInit), (2 bytes).
    Removing stm32g0xx_hal_uart.o(i.HAL_UART_MspInit), (2 bytes).
    Removing stm32g0xx_hal_uart.o(i.HAL_UART_Receive), (336 bytes).
    Removing stm32g0xx_hal_uart.o(i.HAL_UART_Receive_DMA), (136 bytes).
    Removing stm32g0xx_hal_uart.o(i.HAL_UART_Receive_IT), (136 bytes).
    Removing stm32g0xx_hal_uart.o(i.HAL_UART_ReceiverTimeout_Config), (28 bytes).
    Removing stm32g0xx_hal_uart.o(i.HAL_UART_RxCpltCallback), (2 bytes).
    Removing stm32g0xx_hal_uart.o(i.HAL_UART_RxHalfCpltCallback), (2 bytes).
    Removing stm32g0xx_hal_uart.o(i.HAL_UART_Transmit_DMA), (204 bytes).
    Removing stm32g0xx_hal_uart.o(i.HAL_UART_Transmit_IT), (236 bytes).
    Removing stm32g0xx_hal_uart.o(i.HAL_UART_TxCpltCallback), (2 bytes).
    Removing stm32g0xx_hal_uart.o(i.HAL_UART_TxHalfCpltCallback), (2 bytes).
    Removing stm32g0xx_hal_uart.o(i.UART_DMAAbortOnError), (24 bytes).
    Removing stm32g0xx_hal_uart.o(i.UART_DMAError), (90 bytes).
    Removing stm32g0xx_hal_uart.o(i.UART_DMAReceiveCplt), (204 bytes).
    Removing stm32g0xx_hal_uart.o(i.UART_DMARxAbortCallback), (86 bytes).
    Removing stm32g0xx_hal_uart.o(i.UART_DMARxHalfCplt), (38 bytes).
    Removing stm32g0xx_hal_uart.o(i.UART_DMARxOnlyAbortCallback), (48 bytes).
    Removing stm32g0xx_hal_uart.o(i.UART_DMATransmitCplt), (100 bytes).
    Removing stm32g0xx_hal_uart.o(i.UART_DMATxAbortCallback), (98 bytes).
    Removing stm32g0xx_hal_uart.o(i.UART_DMATxHalfCplt), (14 bytes).
    Removing stm32g0xx_hal_uart.o(i.UART_DMATxOnlyAbortCallback), (48 bytes).
    Removing stm32g0xx_hal_uart.o(i.UART_EndTransmit_IT), (56 bytes).
    Removing stm32g0xx_hal_uart.o(i.UART_EndTxTransfer), (82 bytes).
    Removing stm32g0xx_hal_uart.o(i.UART_RxISR_16BIT), (296 bytes).
    Removing stm32g0xx_hal_uart.o(i.UART_RxISR_16BIT_FIFOEN), (588 bytes).
    Removing stm32g0xx_hal_uart.o(i.UART_RxISR_8BIT), (296 bytes).
    Removing stm32g0xx_hal_uart.o(i.UART_RxISR_8BIT_FIFOEN), (588 bytes).
    Removing stm32g0xx_hal_uart.o(i.UART_Start_Receive_DMA), (232 bytes).
    Removing stm32g0xx_hal_uart.o(i.UART_Start_Receive_IT), (416 bytes).
    Removing stm32g0xx_hal_uart.o(i.UART_TxISR_16BIT), (120 bytes).
    Removing stm32g0xx_hal_uart.o(i.UART_TxISR_16BIT_FIFOEN), (152 bytes).
    Removing stm32g0xx_hal_uart.o(i.UART_TxISR_8BIT), (116 bytes).
    Removing stm32g0xx_hal_uart.o(i.UART_TxISR_8BIT_FIFOEN), (148 bytes).
    Removing stm32g0xx_hal_uart_ex.o(.rev16_text), (4 bytes).
    Removing stm32g0xx_hal_uart_ex.o(.revsh_text), (4 bytes).
    Removing stm32g0xx_hal_uart_ex.o(i.HAL_MultiProcessorEx_AddressLength_Set), (66 bytes).
    Removing stm32g0xx_hal_uart_ex.o(i.HAL_RS485Ex_Init), (160 bytes).
    Removing stm32g0xx_hal_uart_ex.o(i.HAL_UARTEx_DisableStopMode), (74 bytes).
    Removing stm32g0xx_hal_uart_ex.o(i.HAL_UARTEx_EnableFifoMode), (86 bytes).
    Removing stm32g0xx_hal_uart_ex.o(i.HAL_UARTEx_EnableStopMode), (74 bytes).
    Removing stm32g0xx_hal_uart_ex.o(i.HAL_UARTEx_GetRxEventType), (6 bytes).
    Removing stm32g0xx_hal_uart_ex.o(i.HAL_UARTEx_ReceiveToIdle), (424 bytes).
    Removing stm32g0xx_hal_uart_ex.o(i.HAL_UARTEx_ReceiveToIdle_DMA), (136 bytes).
    Removing stm32g0xx_hal_uart_ex.o(i.HAL_UARTEx_ReceiveToIdle_IT), (132 bytes).
    Removing stm32g0xx_hal_uart_ex.o(i.HAL_UARTEx_RxFifoFullCallback), (2 bytes).
    Removing stm32g0xx_hal_uart_ex.o(i.HAL_UARTEx_StopModeWakeUpSourceConfig), (152 bytes).
    Removing stm32g0xx_hal_uart_ex.o(i.HAL_UARTEx_TxFifoEmptyCallback), (2 bytes).
    Removing stm32g0xx_hal_uart_ex.o(i.HAL_UARTEx_WakeupCallback), (2 bytes).
    Removing stm32g0xx_hal_uart_ex.o(i.UARTEx_Wakeup_AddressConfig), (42 bytes).
    Removing stm32g0xx_hal_uart_ex.o(i.__get_PRIMASK), (6 bytes).
    Removing stm32g0xx_hal_uart_ex.o(i.__set_PRIMASK), (6 bytes).
    Removing stm32g0xx_hal_rcc.o(.rev16_text), (4 bytes).
    Removing stm32g0xx_hal_rcc.o(.revsh_text), (4 bytes).
    Removing stm32g0xx_hal_rcc.o(i.HAL_RCC_CSSCallback), (2 bytes).
    Removing stm32g0xx_hal_rcc.o(i.HAL_RCC_DeInit), (208 bytes).
    Removing stm32g0xx_hal_rcc.o(i.HAL_RCC_DisableLSECSS), (20 bytes).
    Removing stm32g0xx_hal_rcc.o(i.HAL_RCC_EnableCSS), (20 bytes).
    Removing stm32g0xx_hal_rcc.o(i.HAL_RCC_EnableLSECSS), (20 bytes).
    Removing stm32g0xx_hal_rcc.o(i.HAL_RCC_GetClockConfig), (60 bytes).
    Removing stm32g0xx_hal_rcc.o(i.HAL_RCC_GetOscConfig), (264 bytes).
    Removing stm32g0xx_hal_rcc.o(i.HAL_RCC_GetResetSource), (28 bytes).
    Removing stm32g0xx_hal_rcc.o(i.HAL_RCC_LSECSSCallback), (2 bytes).
    Removing stm32g0xx_hal_rcc.o(i.HAL_RCC_MCOConfig), (128 bytes).
    Removing stm32g0xx_hal_rcc.o(i.HAL_RCC_NMI_IRQHandler), (48 bytes).
    Removing stm32g0xx_hal_rcc.o(.constdata), (7 bytes).
    Removing stm32g0xx_hal_rcc_ex.o(.rev16_text), (4 bytes).
    Removing stm32g0xx_hal_rcc_ex.o(.revsh_text), (4 bytes).
    Removing stm32g0xx_hal_rcc_ex.o(i.HAL_RCCEx_DisableLSCO), (120 bytes).
    Removing stm32g0xx_hal_rcc_ex.o(i.HAL_RCCEx_EnableLSCO), (188 bytes).
    Removing stm32g0xx_hal_rcc_ex.o(i.HAL_RCCEx_GetPeriphCLKConfig), (192 bytes).
    Removing stm32g0xx_hal_rcc_ex.o(i.HAL_RCCEx_GetPeriphCLKFreq), (1268 bytes).
    Removing stm32g0xx_hal_rcc_ex.o(.constdata), (7 bytes).
    Removing stm32g0xx_hal_flash.o(.rev16_text), (4 bytes).
    Removing stm32g0xx_hal_flash.o(.revsh_text), (4 bytes).
    Removing stm32g0xx_hal_flash.o(i.HAL_FLASH_EndOfOperationCallback), (2 bytes).
    Removing stm32g0xx_hal_flash.o(i.HAL_FLASH_GetError), (12 bytes).
    Removing stm32g0xx_hal_flash.o(i.HAL_FLASH_IRQHandler), (232 bytes).
    Removing stm32g0xx_hal_flash.o(i.HAL_FLASH_OB_Launch), (24 bytes).
    Removing stm32g0xx_hal_flash.o(i.HAL_FLASH_OB_Lock), (48 bytes).
    Removing stm32g0xx_hal_flash.o(i.HAL_FLASH_OB_Unlock), (52 bytes).
    Removing stm32g0xx_hal_flash.o(i.HAL_FLASH_OperationErrorCallback), (2 bytes).
    Removing stm32g0xx_hal_flash.o(i.HAL_FLASH_Program_IT), (124 bytes).
    Removing stm32g0xx_hal_flash.o(.constdata), (7 bytes).
    Removing stm32g0xx_hal_flash_ex.o(.rev16_text), (4 bytes).
    Removing stm32g0xx_hal_flash_ex.o(.revsh_text), (4 bytes).
    Removing stm32g0xx_hal_flash_ex.o(i.FLASH_FlushCaches), (72 bytes).
    Removing stm32g0xx_hal_flash_ex.o(i.FLASH_OB_GetPCROP1A), (68 bytes).
    Removing stm32g0xx_hal_flash_ex.o(i.FLASH_OB_GetPCROP1B), (52 bytes).
    Removing stm32g0xx_hal_flash_ex.o(i.FLASH_OB_GetRDP), (28 bytes).
    Removing stm32g0xx_hal_flash_ex.o(i.FLASH_OB_GetSecMem), (24 bytes).
    Removing stm32g0xx_hal_flash_ex.o(i.FLASH_OB_GetUser), (24 bytes).
    Removing stm32g0xx_hal_flash_ex.o(i.FLASH_OB_GetWRP), (64 bytes).
    Removing stm32g0xx_hal_flash_ex.o(i.FLASH_OB_OptrConfig), (32 bytes).
    Removing stm32g0xx_hal_flash_ex.o(i.FLASH_OB_PCROP1AConfig), (68 bytes).
    Removing stm32g0xx_hal_flash_ex.o(i.FLASH_OB_PCROP1BConfig), (28 bytes).
    Removing stm32g0xx_hal_flash_ex.o(i.FLASH_OB_SecMemConfig), (32 bytes).
    Removing stm32g0xx_hal_flash_ex.o(i.FLASH_OB_WRPConfig), (32 bytes).
    Removing stm32g0xx_hal_flash_ex.o(i.HAL_FLASHEx_DisableDebugger), (20 bytes).
    Removing stm32g0xx_hal_flash_ex.o(i.HAL_FLASHEx_EnableDebugger), (20 bytes).
    Removing stm32g0xx_hal_flash_ex.o(i.HAL_FLASHEx_EnableSecMemProtection), (20 bytes).
    Removing stm32g0xx_hal_flash_ex.o(i.HAL_FLASHEx_Erase_IT), (132 bytes).
    Removing stm32g0xx_hal_flash_ex.o(i.HAL_FLASHEx_FlashEmptyCheck), (16 bytes).
    Removing stm32g0xx_hal_flash_ex.o(i.HAL_FLASHEx_ForceFlashEmpty), (28 bytes).
    Removing stm32g0xx_hal_flash_ex.o(i.HAL_FLASHEx_OBGetConfig), (84 bytes).
    Removing stm32g0xx_hal_flash_ex.o(i.HAL_FLASHEx_OBProgram), (268 bytes).
    Removing stm32g0xx_hal_flash_ex.o(.constdata), (7 bytes).
    Removing stm32g0xx_hal_gpio.o(.rev16_text), (4 bytes).
    Removing stm32g0xx_hal_gpio.o(.revsh_text), (4 bytes).
    Removing stm32g0xx_hal_gpio.o(i.HAL_GPIO_DeInit), (268 bytes).
    Removing stm32g0xx_hal_gpio.o(i.HAL_GPIO_EXTI_Falling_Callback), (2 bytes).
    Removing stm32g0xx_hal_gpio.o(i.HAL_GPIO_EXTI_IRQHandler), (52 bytes).
    Removing stm32g0xx_hal_gpio.o(i.HAL_GPIO_EXTI_Rising_Callback), (2 bytes).
    Removing stm32g0xx_hal_gpio.o(i.HAL_GPIO_LockPin), (50 bytes).
    Removing stm32g0xx_hal_gpio.o(.constdata), (7 bytes).
    Removing stm32g0xx_hal_dma.o(.rev16_text), (4 bytes).
    Removing stm32g0xx_hal_dma.o(.revsh_text), (4 bytes).
    Removing stm32g0xx_hal_dma.o(i.DMA_CalcDMAMUXChannelBaseAndMask), (52 bytes).
    Removing stm32g0xx_hal_dma.o(i.DMA_CalcDMAMUXRequestGenBaseAndMask), (40 bytes).
    Removing stm32g0xx_hal_dma.o(i.DMA_SetConfig), (76 bytes).
    Removing stm32g0xx_hal_dma.o(i.HAL_DMA_Abort), (152 bytes).
    Removing stm32g0xx_hal_dma.o(i.HAL_DMA_Abort_IT), (148 bytes).
    Removing stm32g0xx_hal_dma.o(i.HAL_DMA_DeInit), (160 bytes).
    Removing stm32g0xx_hal_dma.o(i.HAL_DMA_GetError), (6 bytes).
    Removing stm32g0xx_hal_dma.o(i.HAL_DMA_GetState), (8 bytes).
    Removing stm32g0xx_hal_dma.o(i.HAL_DMA_IRQHandler), (288 bytes).
    Removing stm32g0xx_hal_dma.o(i.HAL_DMA_Init), (192 bytes).
    Removing stm32g0xx_hal_dma.o(i.HAL_DMA_PollForTransfer), (356 bytes).
    Removing stm32g0xx_hal_dma.o(i.HAL_DMA_RegisterCallback), (92 bytes).
    Removing stm32g0xx_hal_dma.o(i.HAL_DMA_Start), (114 bytes).
    Removing stm32g0xx_hal_dma.o(i.HAL_DMA_Start_IT), (204 bytes).
    Removing stm32g0xx_hal_dma.o(i.HAL_DMA_UnRegisterCallback), (108 bytes).
    Removing stm32g0xx_hal_dma.o(.constdata), (7 bytes).
    Removing stm32g0xx_hal_dma_ex.o(.rev16_text), (4 bytes).
    Removing stm32g0xx_hal_dma_ex.o(.revsh_text), (4 bytes).
    Removing stm32g0xx_hal_dma_ex.o(i.HAL_DMAEx_ConfigMuxRequestGenerator), (104 bytes).
    Removing stm32g0xx_hal_dma_ex.o(i.HAL_DMAEx_ConfigMuxSync), (94 bytes).
    Removing stm32g0xx_hal_dma_ex.o(i.HAL_DMAEx_DisableMuxRequestGenerator), (38 bytes).
    Removing stm32g0xx_hal_dma_ex.o(i.HAL_DMAEx_EnableMuxRequestGenerator), (38 bytes).
    Removing stm32g0xx_hal_dma_ex.o(i.HAL_DMAEx_MUX_IRQHandler), (120 bytes).
    Removing stm32g0xx_hal_dma_ex.o(.constdata), (7 bytes).
    Removing stm32g0xx_hal_pwr.o(.rev16_text), (4 bytes).
    Removing stm32g0xx_hal_pwr.o(.revsh_text), (4 bytes).
    Removing stm32g0xx_hal_pwr.o(i.HAL_PWR_DeInit), (32 bytes).
    Removing stm32g0xx_hal_pwr.o(i.HAL_PWR_DisableBkUpAccess), (20 bytes).
    Removing stm32g0xx_hal_pwr.o(i.HAL_PWR_DisableSEVOnPend), (20 bytes).
    Removing stm32g0xx_hal_pwr.o(i.HAL_PWR_DisableSleepOnExit), (20 bytes).
    Removing stm32g0xx_hal_pwr.o(i.HAL_PWR_DisableWakeUpPin), (20 bytes).
    Removing stm32g0xx_hal_pwr.o(i.HAL_PWR_EnableBkUpAccess), (20 bytes).
    Removing stm32g0xx_hal_pwr.o(i.HAL_PWR_EnableSEVOnPend), (20 bytes).
    Removing stm32g0xx_hal_pwr.o(i.HAL_PWR_EnableSleepOnExit), (20 bytes).
    Removing stm32g0xx_hal_pwr.o(i.HAL_PWR_EnableWakeUpPin), (40 bytes).
    Removing stm32g0xx_hal_pwr.o(i.HAL_PWR_EnterSLEEPMode), (92 bytes).
    Removing stm32g0xx_hal_pwr.o(i.HAL_PWR_EnterSTANDBYMode), (44 bytes).
    Removing stm32g0xx_hal_pwr.o(i.HAL_PWR_EnterSTOPMode), (80 bytes).
    Removing stm32g0xx_hal_pwr.o(.constdata), (7 bytes).
    Removing stm32g0xx_hal_pwr_ex.o(.rev16_text), (4 bytes).
    Removing stm32g0xx_hal_pwr_ex.o(.revsh_text), (4 bytes).
    Removing stm32g0xx_hal_pwr_ex.o(i.HAL_PWREx_ConfigPVD), (192 bytes).
    Removing stm32g0xx_hal_pwr_ex.o(i.HAL_PWREx_DisableBatteryCharging), (20 bytes).
    Removing stm32g0xx_hal_pwr_ex.o(i.HAL_PWREx_DisableFlashPowerDown), (16 bytes).
    Removing stm32g0xx_hal_pwr_ex.o(i.HAL_PWREx_DisableGPIOPullDown), (104 bytes).
    Removing stm32g0xx_hal_pwr_ex.o(i.HAL_PWREx_DisableGPIOPullUp), (104 bytes).
    Removing stm32g0xx_hal_pwr_ex.o(i.HAL_PWREx_DisableInternalWakeUpLine), (20 bytes).
    Removing stm32g0xx_hal_pwr_ex.o(i.HAL_PWREx_DisableLowPowerRunMode), (80 bytes).
    Removing stm32g0xx_hal_pwr_ex.o(i.HAL_PWREx_DisablePORMonitorSampling), (20 bytes).
    Removing stm32g0xx_hal_pwr_ex.o(i.HAL_PWREx_DisablePVD), (20 bytes).
    Removing stm32g0xx_hal_pwr_ex.o(i.HAL_PWREx_DisablePullUpPullDownConfig), (20 bytes).
    Removing stm32g0xx_hal_pwr_ex.o(i.HAL_PWREx_DisableSRAMRetention), (20 bytes).
    Removing stm32g0xx_hal_pwr_ex.o(i.HAL_PWREx_EnableBatteryCharging), (32 bytes).
    Removing stm32g0xx_hal_pwr_ex.o(i.HAL_PWREx_EnableFlashPowerDown), (16 bytes).
    Removing stm32g0xx_hal_pwr_ex.o(i.HAL_PWREx_EnableGPIOPullDown), (152 bytes).
    Removing stm32g0xx_hal_pwr_ex.o(i.HAL_PWREx_EnableGPIOPullUp), (152 bytes).
    Removing stm32g0xx_hal_pwr_ex.o(i.HAL_PWREx_EnableInternalWakeUpLine), (20 bytes).
    Removing stm32g0xx_hal_pwr_ex.o(i.HAL_PWREx_EnableLowPowerRunMode), (20 bytes).
    Removing stm32g0xx_hal_pwr_ex.o(i.HAL_PWREx_EnablePORMonitorSampling), (20 bytes).
    Removing stm32g0xx_hal_pwr_ex.o(i.HAL_PWREx_EnablePVD), (20 bytes).
    Removing stm32g0xx_hal_pwr_ex.o(i.HAL_PWREx_EnablePullUpPullDownConfig), (20 bytes).
    Removing stm32g0xx_hal_pwr_ex.o(i.HAL_PWREx_EnableSRAMRetention), (20 bytes).
    Removing stm32g0xx_hal_pwr_ex.o(i.HAL_PWREx_EnterSHUTDOWNMode), (44 bytes).
    Removing stm32g0xx_hal_pwr_ex.o(i.HAL_PWREx_GetVoltageRange), (16 bytes).
    Removing stm32g0xx_hal_pwr_ex.o(i.HAL_PWREx_PVD_Falling_Callback), (2 bytes).
    Removing stm32g0xx_hal_pwr_ex.o(i.HAL_PWREx_PVD_IRQHandler), (56 bytes).
    Removing stm32g0xx_hal_pwr_ex.o(i.HAL_PWREx_PVD_Rising_Callback), (2 bytes).
    Removing stm32g0xx_hal_pwr_ex.o(.constdata), (7 bytes).
    Removing stm32g0xx_hal_cortex.o(.rev16_text), (4 bytes).
    Removing stm32g0xx_hal_cortex.o(.revsh_text), (4 bytes).
    Removing stm32g0xx_hal_cortex.o(i.HAL_MPU_ConfigRegion), (80 bytes).
    Removing stm32g0xx_hal_cortex.o(i.HAL_MPU_Disable), (28 bytes).
    Removing stm32g0xx_hal_cortex.o(i.HAL_MPU_DisableRegion), (20 bytes).
    Removing stm32g0xx_hal_cortex.o(i.HAL_MPU_Enable), (48 bytes).
    Removing stm32g0xx_hal_cortex.o(i.HAL_MPU_EnableRegion), (20 bytes).
    Removing stm32g0xx_hal_cortex.o(i.HAL_NVIC_ClearPendingIRQ), (28 bytes).
    Removing stm32g0xx_hal_cortex.o(i.HAL_NVIC_DisableIRQ), (60 bytes).
    Removing stm32g0xx_hal_cortex.o(i.HAL_NVIC_EnableIRQ), (36 bytes).
    Removing stm32g0xx_hal_cortex.o(i.HAL_NVIC_GetPendingIRQ), (48 bytes).
    Removing stm32g0xx_hal_cortex.o(i.HAL_NVIC_GetPriority), (72 bytes).
    Removing stm32g0xx_hal_cortex.o(i.HAL_NVIC_SetPendingIRQ), (28 bytes).
    Removing stm32g0xx_hal_cortex.o(i.HAL_NVIC_SystemReset), (56 bytes).
    Removing stm32g0xx_hal_cortex.o(i.HAL_SYSTICK_CLKSourceConfig), (36 bytes).
    Removing stm32g0xx_hal_cortex.o(i.HAL_SYSTICK_Callback), (2 bytes).
    Removing stm32g0xx_hal_cortex.o(i.HAL_SYSTICK_IRQHandler), (8 bytes).
    Removing stm32g0xx_hal_cortex.o(.constdata), (7 bytes).
    Removing stm32g0xx_hal.o(.rev16_text), (4 bytes).
    Removing stm32g0xx_hal.o(.revsh_text), (4 bytes).
    Removing stm32g0xx_hal.o(i.HAL_DBGMCU_DisableDBGStandbyMode), (20 bytes).
    Removing stm32g0xx_hal.o(i.HAL_DBGMCU_DisableDBGStopMode), (20 bytes).
    Removing stm32g0xx_hal.o(i.HAL_DBGMCU_EnableDBGStandbyMode), (20 bytes).
    Removing stm32g0xx_hal.o(i.HAL_DBGMCU_EnableDBGStopMode), (20 bytes).
    Removing stm32g0xx_hal.o(i.HAL_DeInit), (52 bytes).
    Removing stm32g0xx_hal.o(i.HAL_GetDEVID), (16 bytes).
    Removing stm32g0xx_hal.o(i.HAL_GetHalVersion), (8 bytes).
    Removing stm32g0xx_hal.o(i.HAL_GetREVID), (12 bytes).
    Removing stm32g0xx_hal.o(i.HAL_GetTickFreq), (12 bytes).
    Removing stm32g0xx_hal.o(i.HAL_GetTickPrio), (12 bytes).
    Removing stm32g0xx_hal.o(i.HAL_GetUIDw0), (12 bytes).
    Removing stm32g0xx_hal.o(i.HAL_GetUIDw1), (12 bytes).
    Removing stm32g0xx_hal.o(i.HAL_GetUIDw2), (12 bytes).
    Removing stm32g0xx_hal.o(i.HAL_MspDeInit), (2 bytes).
    Removing stm32g0xx_hal.o(i.HAL_MspInit), (2 bytes).
    Removing stm32g0xx_hal.o(i.HAL_ResumeTick), (20 bytes).
    Removing stm32g0xx_hal.o(i.HAL_SYSCFG_DisableIOAnalogSwitchBooster), (20 bytes).
    Removing stm32g0xx_hal.o(i.HAL_SYSCFG_DisableRemap), (16 bytes).
    Removing stm32g0xx_hal.o(i.HAL_SYSCFG_DisableVREFBUF), (20 bytes).
    Removing stm32g0xx_hal.o(i.HAL_SYSCFG_EnableIOAnalogSwitchBooster), (20 bytes).
    Removing stm32g0xx_hal.o(i.HAL_SYSCFG_EnableRemap), (16 bytes).
    Removing stm32g0xx_hal.o(i.HAL_SYSCFG_EnableVREFBUF), (56 bytes).
    Removing stm32g0xx_hal.o(i.HAL_SYSCFG_StrobeDBattpinsConfig), (24 bytes).
    Removing stm32g0xx_hal.o(i.HAL_SYSCFG_VREFBUF_HighImpedanceConfig), (20 bytes).
    Removing stm32g0xx_hal.o(i.HAL_SYSCFG_VREFBUF_TrimmingConfig), (20 bytes).
    Removing stm32g0xx_hal.o(i.HAL_SYSCFG_VREFBUF_VoltageScalingConfig), (20 bytes).
    Removing stm32g0xx_hal.o(i.HAL_SetTickFreq), (52 bytes).
    Removing stm32g0xx_hal.o(i.HAL_SuspendTick), (20 bytes).
    Removing stm32g0xx_hal.o(.constdata), (7 bytes).
    Removing stm32g0xx_hal_exti.o(.rev16_text), (4 bytes).
    Removing stm32g0xx_hal_exti.o(.revsh_text), (4 bytes).
    Removing stm32g0xx_hal_exti.o(i.HAL_EXTI_ClearConfigLine), (160 bytes).
    Removing stm32g0xx_hal_exti.o(i.HAL_EXTI_ClearPending), (56 bytes).
    Removing stm32g0xx_hal_exti.o(i.HAL_EXTI_GenerateSWI), (40 bytes).
    Removing stm32g0xx_hal_exti.o(i.HAL_EXTI_GetConfigLine), (204 bytes).
    Removing stm32g0xx_hal_exti.o(i.HAL_EXTI_GetHandle), (16 bytes).
    Removing stm32g0xx_hal_exti.o(i.HAL_EXTI_GetPending), (64 bytes).
    Removing stm32g0xx_hal_exti.o(i.HAL_EXTI_IRQHandler), (96 bytes).
    Removing stm32g0xx_hal_exti.o(i.HAL_EXTI_RegisterCallback), (42 bytes).
    Removing stm32g0xx_hal_exti.o(i.HAL_EXTI_SetConfigLine), (260 bytes).
    Removing stm32g0xx_hal_exti.o(.constdata), (7 bytes).
    Removing system_stm32g0xx.o(.rev16_text), (4 bytes).
    Removing system_stm32g0xx.o(.revsh_text), (4 bytes).
    Removing system_stm32g0xx.o(i.SystemCoreClockUpdate), (236 bytes).
    Removing startup_stm32g071xx.o(HEAP), (512 bytes).
    Removing dadd.o(.text), (360 bytes).
    Removing dmul.o(.text), (208 bytes).
    Removing ddiv.o(.text), (240 bytes).
    Removing dfixul.o(.text), (64 bytes).
    Removing cdrcmple.o(.text), (40 bytes).
    Removing depilogue.o(.text), (190 bytes).
    Removing stm32g0xx_hal_dma.o(i.__ARM_common_switch8), (28 bytes).
    Removing depilogue.o(i.__ARM_clz), (46 bytes).

318 unused section(s) (total 23959 bytes) removed from the image.

==============================================================================

Image Symbol Table

    Local Symbols

    Symbol Name                              Value     Ov Type        Size  Object(Section)

    ../Core/Src/gpio.c                       0x00000000   Number         0  gpio.o ABSOLUTE
    ../Core/Src/main.c                       0x00000000   Number         0  main.o ABSOLUTE
    ../Core/Src/stm32g0xx_hal_msp.c          0x00000000   Number         0  stm32g0xx_hal_msp.o ABSOLUTE
    ../Core/Src/stm32g0xx_it.c               0x00000000   Number         0  stm32g0xx_it.o ABSOLUTE
    ../Core/Src/system_stm32g0xx.c           0x00000000   Number         0  system_stm32g0xx.o ABSOLUTE
    ../Core/Src/usart.c                      0x00000000   Number         0  usart.o ABSOLUTE
    ../Drivers/STM32G0xx_HAL_Driver/Src/stm32g0xx_hal.c 0x00000000   Number         0  stm32g0xx_hal.o ABSOLUTE
    ../Drivers/STM32G0xx_HAL_Driver/Src/stm32g0xx_hal_cortex.c 0x00000000   Number         0  stm32g0xx_hal_cortex.o ABSOLUTE
    ../Drivers/STM32G0xx_HAL_Driver/Src/stm32g0xx_hal_dma.c 0x00000000   Number         0  stm32g0xx_hal_dma.o ABSOLUTE
    ../Drivers/STM32G0xx_HAL_Driver/Src/stm32g0xx_hal_dma_ex.c 0x00000000   Number         0  stm32g0xx_hal_dma_ex.o ABSOLUTE
    ../Drivers/STM32G0xx_HAL_Driver/Src/stm32g0xx_hal_exti.c 0x00000000   Number         0  stm32g0xx_hal_exti.o ABSOLUTE
    ../Drivers/STM32G0xx_HAL_Driver/Src/stm32g0xx_hal_flash.c 0x00000000   Number         0  stm32g0xx_hal_flash.o ABSOLUTE
    ../Drivers/STM32G0xx_HAL_Driver/Src/stm32g0xx_hal_flash_ex.c 0x00000000   Number         0  stm32g0xx_hal_flash_ex.o ABSOLUTE
    ../Drivers/STM32G0xx_HAL_Driver/Src/stm32g0xx_hal_gpio.c 0x00000000   Number         0  stm32g0xx_hal_gpio.o ABSOLUTE
    ../Drivers/STM32G0xx_HAL_Driver/Src/stm32g0xx_hal_pwr.c 0x00000000   Number         0  stm32g0xx_hal_pwr.o ABSOLUTE
    ../Drivers/STM32G0xx_HAL_Driver/Src/stm32g0xx_hal_pwr_ex.c 0x00000000   Number         0  stm32g0xx_hal_pwr_ex.o ABSOLUTE
    ../Drivers/STM32G0xx_HAL_Driver/Src/stm32g0xx_hal_rcc.c 0x00000000   Number         0  stm32g0xx_hal_rcc.o ABSOLUTE
    ../Drivers/STM32G0xx_HAL_Driver/Src/stm32g0xx_hal_rcc_ex.c 0x00000000   Number         0  stm32g0xx_hal_rcc_ex.o ABSOLUTE
    ../Drivers/STM32G0xx_HAL_Driver/Src/stm32g0xx_hal_tim.c 0x00000000   Number         0  stm32g0xx_hal_tim.o ABSOLUTE
    ../Drivers/STM32G0xx_HAL_Driver/Src/stm32g0xx_hal_tim_ex.c 0x00000000   Number         0  stm32g0xx_hal_tim_ex.o ABSOLUTE
    ../Drivers/STM32G0xx_HAL_Driver/Src/stm32g0xx_hal_uart.c 0x00000000   Number         0  stm32g0xx_hal_uart.o ABSOLUTE
    ../Drivers/STM32G0xx_HAL_Driver/Src/stm32g0xx_hal_uart_ex.c 0x00000000   Number         0  stm32g0xx_hal_uart_ex.o ABSOLUTE
    ../Drivers/STM32G0xx_HAL_Driver/Src/stm32g0xx_ll_rcc.c 0x00000000   Number         0  stm32g0xx_ll_rcc.o ABSOLUTE
    ../clib/microlib/division.c              0x00000000   Number         0  uldiv.o ABSOLUTE
    ../clib/microlib/division.c              0x00000000   Number         0  idiv.o ABSOLUTE
    ../clib/microlib/division.c              0x00000000   Number         0  uidiv.o ABSOLUTE
    ../clib/microlib/init/entry.s            0x00000000   Number         0  entry2.o ABSOLUTE
    ../clib/microlib/init/entry.s            0x00000000   Number         0  entry5.o ABSOLUTE
    ../clib/microlib/init/entry.s            0x00000000   Number         0  entry7a.o ABSOLUTE
    ../clib/microlib/init/entry.s            0x00000000   Number         0  entry10a.o ABSOLUTE
    ../clib/microlib/init/entry.s            0x00000000   Number         0  entry8b.o ABSOLUTE
    ../clib/microlib/init/entry.s            0x00000000   Number         0  entry7b.o ABSOLUTE
    ../clib/microlib/init/entry.s            0x00000000   Number         0  entry9a.o ABSOLUTE
    ../clib/microlib/init/entry.s            0x00000000   Number         0  entry9b.o ABSOLUTE
    ../clib/microlib/init/entry.s            0x00000000   Number         0  entry.o ABSOLUTE
    ../clib/microlib/init/entry.s            0x00000000   Number         0  entry10b.o ABSOLUTE
    ../clib/microlib/init/entry.s            0x00000000   Number         0  entry11a.o ABSOLUTE
    ../clib/microlib/init/entry.s            0x00000000   Number         0  entry11b.o ABSOLUTE
    ../clib/microlib/init/entry.s            0x00000000   Number         0  entry12a.o ABSOLUTE
    ../clib/microlib/init/entry.s            0x00000000   Number         0  entry12b.o ABSOLUTE
    ../clib/microlib/init/entry.s            0x00000000   Number         0  entry8a.o ABSOLUTE
    ../clib/microlib/longlong.c              0x00000000   Number         0  llmul.o ABSOLUTE
    ../clib/microlib/longlong.c              0x00000000   Number         0  llsshr.o ABSOLUTE
    ../clib/microlib/longlong.c              0x00000000   Number         0  llushr.o ABSOLUTE
    ../clib/microlib/longlong.c              0x00000000   Number         0  llshl.o ABSOLUTE
    ../clib/microlib/printf/printf.c         0x00000000   Number         0  printfb.o ABSOLUTE
    ../clib/microlib/printf/printf.c         0x00000000   Number         0  printf0.o ABSOLUTE
    ../clib/microlib/printf/printf.c         0x00000000   Number         0  printf1.o ABSOLUTE
    ../clib/microlib/printf/printf.c         0x00000000   Number         0  printf2.o ABSOLUTE
    ../clib/microlib/printf/printf.c         0x00000000   Number         0  printf3.o ABSOLUTE
    ../clib/microlib/printf/printf.c         0x00000000   Number         0  printf4.o ABSOLUTE
    ../clib/microlib/printf/printf.c         0x00000000   Number         0  printf6.o ABSOLUTE
    ../clib/microlib/printf/printf.c         0x00000000   Number         0  printf5.o ABSOLUTE
    ../clib/microlib/printf/printf.c         0x00000000   Number         0  printf7.o ABSOLUTE
    ../clib/microlib/printf/printf.c         0x00000000   Number         0  printf8.o ABSOLUTE
    ../clib/microlib/printf/printf.c         0x00000000   Number         0  printfa.o ABSOLUTE
    ../clib/microlib/printf/stubs.s          0x00000000   Number         0  stubs.o ABSOLUTE
    ../clib/microlib/stdio/streams.c         0x00000000   Number         0  stdout.o ABSOLUTE
    ../clib/microlib/string/memcmp.c         0x00000000   Number         0  memcmp.o ABSOLUTE
    ../clib/microlib/string/memcpy.c         0x00000000   Number         0  memcpyb.o ABSOLUTE
    ../clib/microlib/string/memcpy.c         0x00000000   Number         0  memcpya.o ABSOLUTE
    ../clib/microlib/string/memset.c         0x00000000   Number         0  memseta.o ABSOLUTE
    ../clib/microlib/stubs.s                 0x00000000   Number         0  iusefp.o ABSOLUTE
    ../fplib/microlib/fpadd.c                0x00000000   Number         0  dadd.o ABSOLUTE
    ../fplib/microlib/fpdiv.c                0x00000000   Number         0  ddiv.o ABSOLUTE
    ../fplib/microlib/fpepilogue.c           0x00000000   Number         0  depilogue.o ABSOLUTE
    ../fplib/microlib/fpfix.c                0x00000000   Number         0  dfixul.o ABSOLUTE
    ../fplib/microlib/fpmul.c                0x00000000   Number         0  dmul.o ABSOLUTE
    ..\Core\Src\flash.c                      0x00000000   Number         0  flash.o ABSOLUTE
    ..\Core\Src\gpio.c                       0x00000000   Number         0  gpio.o ABSOLUTE
    ..\Core\Src\key.c                        0x00000000   Number         0  key.o ABSOLUTE
    ..\Core\Src\main.c                       0x00000000   Number         0  main.o ABSOLUTE
    ..\Core\Src\stm32g0xx_hal_msp.c          0x00000000   Number         0  stm32g0xx_hal_msp.o ABSOLUTE
    ..\Core\Src\stm32g0xx_it.c               0x00000000   Number         0  stm32g0xx_it.o ABSOLUTE
    ..\Core\Src\system_stm32g0xx.c           0x00000000   Number         0  system_stm32g0xx.o ABSOLUTE
    ..\Core\Src\usart.c                      0x00000000   Number         0  usart.o ABSOLUTE
    ..\Drivers\STM32G0xx_HAL_Driver\Src\stm32g0xx_hal.c 0x00000000   Number         0  stm32g0xx_hal.o ABSOLUTE
    ..\Drivers\STM32G0xx_HAL_Driver\Src\stm32g0xx_hal_cortex.c 0x00000000   Number         0  stm32g0xx_hal_cortex.o ABSOLUTE
    ..\Drivers\STM32G0xx_HAL_Driver\Src\stm32g0xx_hal_dma.c 0x00000000   Number         0  stm32g0xx_hal_dma.o ABSOLUTE
    ..\Drivers\STM32G0xx_HAL_Driver\Src\stm32g0xx_hal_dma_ex.c 0x00000000   Number         0  stm32g0xx_hal_dma_ex.o ABSOLUTE
    ..\Drivers\STM32G0xx_HAL_Driver\Src\stm32g0xx_hal_exti.c 0x00000000   Number         0  stm32g0xx_hal_exti.o ABSOLUTE
    ..\Drivers\STM32G0xx_HAL_Driver\Src\stm32g0xx_hal_flash.c 0x00000000   Number         0  stm32g0xx_hal_flash.o ABSOLUTE
    ..\Drivers\STM32G0xx_HAL_Driver\Src\stm32g0xx_hal_flash_ex.c 0x00000000   Number         0  stm32g0xx_hal_flash_ex.o ABSOLUTE
    ..\Drivers\STM32G0xx_HAL_Driver\Src\stm32g0xx_hal_gpio.c 0x00000000   Number         0  stm32g0xx_hal_gpio.o ABSOLUTE
    ..\Drivers\STM32G0xx_HAL_Driver\Src\stm32g0xx_hal_pwr.c 0x00000000   Number         0  stm32g0xx_hal_pwr.o ABSOLUTE
    ..\Drivers\STM32G0xx_HAL_Driver\Src\stm32g0xx_hal_pwr_ex.c 0x00000000   Number         0  stm32g0xx_hal_pwr_ex.o ABSOLUTE
    ..\Drivers\STM32G0xx_HAL_Driver\Src\stm32g0xx_hal_rcc.c 0x00000000   Number         0  stm32g0xx_hal_rcc.o ABSOLUTE
    ..\Drivers\STM32G0xx_HAL_Driver\Src\stm32g0xx_hal_rcc_ex.c 0x00000000   Number         0  stm32g0xx_hal_rcc_ex.o ABSOLUTE
    ..\Drivers\STM32G0xx_HAL_Driver\Src\stm32g0xx_hal_tim.c 0x00000000   Number         0  stm32g0xx_hal_tim.o ABSOLUTE
    ..\Drivers\STM32G0xx_HAL_Driver\Src\stm32g0xx_hal_tim_ex.c 0x00000000   Number         0  stm32g0xx_hal_tim_ex.o ABSOLUTE
    ..\Drivers\STM32G0xx_HAL_Driver\Src\stm32g0xx_hal_uart.c 0x00000000   Number         0  stm32g0xx_hal_uart.o ABSOLUTE
    ..\Drivers\STM32G0xx_HAL_Driver\Src\stm32g0xx_hal_uart_ex.c 0x00000000   Number         0  stm32g0xx_hal_uart_ex.o ABSOLUTE
    ..\\Core\\Src\\flash.c                   0x00000000   Number         0  flash.o ABSOLUTE
    ..\\Core\\Src\\key.c                     0x00000000   Number         0  key.o ABSOLUTE
    cdrcmple.s                               0x00000000   Number         0  cdrcmple.o ABSOLUTE
    dc.s                                     0x00000000   Number         0  dc.o ABSOLUTE
    handlers.s                               0x00000000   Number         0  handlers.o ABSOLUTE
    init.s                                   0x00000000   Number         0  init.o ABSOLUTE
    startup_stm32g071xx.s                    0x00000000   Number         0  startup_stm32g071xx.o ABSOLUTE
    RESET                                    0x08000000   Section      188  startup_stm32g071xx.o(RESET)
    .ARM.Collect$$$$00000000                 0x080000bc   Section        0  entry.o(.ARM.Collect$$$$00000000)
    .ARM.Collect$$$$00000001                 0x080000bc   Section        4  entry2.o(.ARM.Collect$$$$00000001)
    .ARM.Collect$$$$00000004                 0x080000c0   Section        4  entry5.o(.ARM.Collect$$$$00000004)
    .ARM.Collect$$$$00000008                 0x080000c4   Section        0  entry7b.o(.ARM.Collect$$$$00000008)
    .ARM.Collect$$$$0000000A                 0x080000c4   Section        0  entry8b.o(.ARM.Collect$$$$0000000A)
    .ARM.Collect$$$$0000000B                 0x080000c4   Section        8  entry9a.o(.ARM.Collect$$$$0000000B)
    .ARM.Collect$$$$0000000E                 0x080000cc   Section        4  entry12b.o(.ARM.Collect$$$$0000000E)
    .ARM.Collect$$$$0000000F                 0x080000d0   Section        0  entry10a.o(.ARM.Collect$$$$0000000F)
    .ARM.Collect$$$$00000011                 0x080000d0   Section        0  entry11a.o(.ARM.Collect$$$$00000011)
    .ARM.Collect$$$$00002712                 0x080000d0   Section        4  entry2.o(.ARM.Collect$$$$00002712)
    __lit__00000000                          0x080000d0   Data           4  entry2.o(.ARM.Collect$$$$00002712)
    .text                                    0x080000d4   Section       28  startup_stm32g071xx.o(.text)
    .text                                    0x080000f0   Section        0  uidiv.o(.text)
    .text                                    0x0800011c   Section        0  idiv.o(.text)
    .text                                    0x08000144   Section        0  uldiv.o(.text)
    .text                                    0x080001a4   Section        0  llmul.o(.text)
    .text                                    0x0800021e   Section        0  memcpya.o(.text)
    .text                                    0x08000242   Section        0  memseta.o(.text)
    .text                                    0x08000266   Section        0  memcmp.o(.text)
    .text                                    0x08000280   Section        0  llshl.o(.text)
    .text                                    0x080002a0   Section        0  llushr.o(.text)
    .text                                    0x080002c4   Section       36  init.o(.text)
    i.Error_Handler                          0x080002e8   Section        0  main.o(i.Error_Handler)
    i.FLASH_MassErase                        0x080002f0   Section        0  stm32g0xx_hal_flash_ex.o(i.FLASH_MassErase)
    FLASH_MassErase                          0x080002f1   Thumb Code    18  stm32g0xx_hal_flash_ex.o(i.FLASH_MassErase)
    i.FLASH_PageErase                        0x08000308   Section        0  stm32g0xx_hal_flash_ex.o(i.FLASH_PageErase)
    i.FLASH_Program_DoubleWord               0x08000330   Section        0  stm32g0xx_hal_flash.o(i.FLASH_Program_DoubleWord)
    FLASH_Program_DoubleWord                 0x08000331   Thumb Code    36  stm32g0xx_hal_flash.o(i.FLASH_Program_DoubleWord)
    i.FLASH_Program_Fast                     0x08000358   Section        0  stm32g0xx_hal_flash.o(i.FLASH_Program_Fast)
    FLASH_Program_Fast                       0x08000359   Thumb Code    78  stm32g0xx_hal_flash.o(i.FLASH_Program_Fast)
    i.FLASH_WaitForLastOperation             0x080003ac   Section        0  stm32g0xx_hal_flash.o(i.FLASH_WaitForLastOperation)
    i.HAL_Delay                              0x0800042c   Section        0  stm32g0xx_hal.o(i.HAL_Delay)
    i.HAL_FLASHEx_Erase                      0x08000458   Section        0  stm32g0xx_hal_flash_ex.o(i.HAL_FLASHEx_Erase)
    i.HAL_FLASH_Lock                         0x080004f8   Section        0  stm32g0xx_hal_flash.o(i.HAL_FLASH_Lock)
    i.HAL_FLASH_Program                      0x08000528   Section        0  stm32g0xx_hal_flash.o(i.HAL_FLASH_Program)
    i.HAL_FLASH_Unlock                       0x080005a0   Section        0  stm32g0xx_hal_flash.o(i.HAL_FLASH_Unlock)
    i.HAL_GPIO_Init                          0x080005d4   Section        0  stm32g0xx_hal_gpio.o(i.HAL_GPIO_Init)
    i.HAL_GPIO_ReadPin                       0x080007ac   Section        0  stm32g0xx_hal_gpio.o(i.HAL_GPIO_ReadPin)
    i.HAL_GPIO_TogglePin                     0x080007be   Section        0  stm32g0xx_hal_gpio.o(i.HAL_GPIO_TogglePin)
    i.HAL_GPIO_WritePin                      0x080007d2   Section        0  stm32g0xx_hal_gpio.o(i.HAL_GPIO_WritePin)
    i.HAL_GetTick                            0x080007e0   Section        0  stm32g0xx_hal.o(i.HAL_GetTick)
    i.HAL_IncTick                            0x080007ec   Section        0  stm32g0xx_hal.o(i.HAL_IncTick)
    i.HAL_Init                               0x08000804   Section        0  stm32g0xx_hal.o(i.HAL_Init)
    i.HAL_InitTick                           0x08000830   Section        0  stm32g0xx_hal.o(i.HAL_InitTick)
    i.HAL_MspInit                            0x08000890   Section        0  stm32g0xx_hal_msp.o(i.HAL_MspInit)
    i.HAL_NVIC_SetPriority                   0x080008d4   Section        0  stm32g0xx_hal_cortex.o(i.HAL_NVIC_SetPriority)
    i.HAL_PWREx_ControlVoltageScaling        0x080008e8   Section        0  stm32g0xx_hal_pwr_ex.o(i.HAL_PWREx_ControlVoltageScaling)
    i.HAL_RCCEx_PeriphCLKConfig              0x08000940   Section        0  stm32g0xx_hal_rcc_ex.o(i.HAL_RCCEx_PeriphCLKConfig)
    i.HAL_RCC_ClockConfig                    0x08000c34   Section        0  stm32g0xx_hal_rcc.o(i.HAL_RCC_ClockConfig)
    i.HAL_RCC_GetHCLKFreq                    0x08000e08   Section        0  stm32g0xx_hal_rcc.o(i.HAL_RCC_GetHCLKFreq)
    i.HAL_RCC_GetPCLK1Freq                   0x08000e14   Section        0  stm32g0xx_hal_rcc.o(i.HAL_RCC_GetPCLK1Freq)
    i.HAL_RCC_GetSysClockFreq                0x08000e3c   Section        0  stm32g0xx_hal_rcc.o(i.HAL_RCC_GetSysClockFreq)
    i.HAL_RCC_OscConfig                      0x08000f20   Section        0  stm32g0xx_hal_rcc.o(i.HAL_RCC_OscConfig)
    i.HAL_SYSTICK_Config                     0x080014dc   Section        0  stm32g0xx_hal_cortex.o(i.HAL_SYSTICK_Config)
    i.HAL_UARTEx_DisableFifoMode             0x08001514   Section        0  stm32g0xx_hal_uart_ex.o(i.HAL_UARTEx_DisableFifoMode)
    i.HAL_UARTEx_SetRxFifoThreshold          0x08001568   Section        0  stm32g0xx_hal_uart_ex.o(i.HAL_UARTEx_SetRxFifoThreshold)
    i.HAL_UARTEx_SetTxFifoThreshold          0x080015c8   Section        0  stm32g0xx_hal_uart_ex.o(i.HAL_UARTEx_SetTxFifoThreshold)
    i.HAL_UART_Init                          0x08001626   Section        0  stm32g0xx_hal_uart.o(i.HAL_UART_Init)
    i.HAL_UART_MspInit                       0x080016a8   Section        0  usart.o(i.HAL_UART_MspInit)
    i.HAL_UART_Transmit                      0x08001740   Section        0  stm32g0xx_hal_uart.o(i.HAL_UART_Transmit)
    i.HardFault_Handler                      0x08001832   Section        0  stm32g0xx_it.o(i.HardFault_Handler)
    i.KEY_Init                               0x08001838   Section        0  key.o(i.KEY_Init)
    i.KEY_Scan                               0x08001880   Section        0  key.o(i.KEY_Scan)
    i.MX_GPIO_Init                           0x080018c0   Section        0  gpio.o(i.MX_GPIO_Init)
    i.MX_USART2_UART_Init                    0x08001914   Section        0  usart.o(i.MX_USART2_UART_Init)
    i.NMI_Handler                            0x08001988   Section        0  stm32g0xx_it.o(i.NMI_Handler)
    i.PendSV_Handler                         0x0800198c   Section        0  stm32g0xx_it.o(i.PendSV_Handler)
    i.SVC_Handler                            0x0800198e   Section        0  stm32g0xx_it.o(i.SVC_Handler)
    i.SysTick_Handler                        0x08001990   Section        0  stm32g0xx_it.o(i.SysTick_Handler)
    i.SystemClock_Config                     0x08001998   Section        0  main.o(i.SystemClock_Config)
    i.SystemInit                             0x08001a12   Section        0  system_stm32g0xx.o(i.SystemInit)
    i.UARTEx_SetNbDataToProcess              0x08001a14   Section        0  stm32g0xx_hal_uart_ex.o(i.UARTEx_SetNbDataToProcess)
    UARTEx_SetNbDataToProcess                0x08001a15   Thumb Code    94  stm32g0xx_hal_uart_ex.o(i.UARTEx_SetNbDataToProcess)
    i.UART_AdvFeatureConfig                  0x08001a7c   Section        0  stm32g0xx_hal_uart.o(i.UART_AdvFeatureConfig)
    i.UART_CheckIdleState                    0x08001b6c   Section        0  stm32g0xx_hal_uart.o(i.UART_CheckIdleState)
    i.UART_EndRxTransfer                     0x08001c70   Section        0  stm32g0xx_hal_uart.o(i.UART_EndRxTransfer)
    UART_EndRxTransfer                       0x08001c71   Thumb Code   128  stm32g0xx_hal_uart.o(i.UART_EndRxTransfer)
    i.UART_SetConfig                         0x08001cf4   Section        0  stm32g0xx_hal_uart.o(i.UART_SetConfig)
    i.UART_WaitOnFlagUntilTimeout            0x08002050   Section        0  stm32g0xx_hal_uart.o(i.UART_WaitOnFlagUntilTimeout)
    i.__0printf$8                            0x08002104   Section        0  printf8.o(i.__0printf$8)
    i.__NVIC_SetPriority                     0x08002124   Section        0  stm32g0xx_hal_cortex.o(i.__NVIC_SetPriority)
    __NVIC_SetPriority                       0x08002125   Thumb Code   110  stm32g0xx_hal_cortex.o(i.__NVIC_SetPriority)
    i.__get_PRIMASK                          0x0800219c   Section        0  stm32g0xx_hal_uart.o(i.__get_PRIMASK)
    __get_PRIMASK                            0x0800219d   Thumb Code     6  stm32g0xx_hal_uart.o(i.__get_PRIMASK)
    i.__scatterload_copy                     0x080021a2   Section       14  handlers.o(i.__scatterload_copy)
    i.__scatterload_null                     0x080021b0   Section        2  handlers.o(i.__scatterload_null)
    i.__scatterload_zeroinit                 0x080021b2   Section       14  handlers.o(i.__scatterload_zeroinit)
    i.__set_PRIMASK                          0x080021c0   Section        0  stm32g0xx_hal_uart.o(i.__set_PRIMASK)
    __set_PRIMASK                            0x080021c1   Thumb Code     6  stm32g0xx_hal_uart.o(i.__set_PRIMASK)
    i._printf_core                           0x080021c8   Section        0  printf8.o(i._printf_core)
    _printf_core                             0x080021c9   Thumb Code  1020  printf8.o(i._printf_core)
    i._printf_post_padding                   0x080025f0   Section        0  printf8.o(i._printf_post_padding)
    _printf_post_padding                     0x080025f1   Thumb Code    32  printf8.o(i._printf_post_padding)
    i._printf_pre_padding                    0x08002610   Section        0  printf8.o(i._printf_pre_padding)
    _printf_pre_padding                      0x08002611   Thumb Code    44  printf8.o(i._printf_pre_padding)
    i.calculate_checksum                     0x0800263c   Section        0  flash.o(i.calculate_checksum)
    i.erase_page                             0x08002650   Section        0  flash.o(i.erase_page)
    i.flash_lock                             0x080026b8   Section        0  flash.o(i.flash_lock)
    i.flash_program                          0x080026c0   Section        0  flash.o(i.flash_program)
    i.flash_unlock                           0x0800270e   Section        0  flash.o(i.flash_unlock)
    i.fputc                                  0x08002718   Section        0  usart.o(i.fputc)
    i.init_flash_addr                        0x08002734   Section        0  flash.o(i.init_flash_addr)
    i.main                                   0x080028c4   Section        0  main.o(i.main)
    i.printState                             0x08002934   Section        0  flash.o(i.printState)
    i.read_flash                             0x080029d4   Section        0  flash.o(i.read_flash)
    i.save_state                             0x080029e8   Section        0  flash.o(i.save_state)
    i.update_state                           0x08002a98   Section        0  flash.o(i.update_state)
    .constdata                               0x08002ac2   Section       32  stm32g0xx_hal_uart.o(.constdata)
    CHANNEL_OFFSET_TAB                       0x08002ac2   Data           7  stm32g0xx_hal_uart.o(.constdata)
    .constdata                               0x08002ae2   Section       23  stm32g0xx_hal_uart_ex.o(.constdata)
    CHANNEL_OFFSET_TAB                       0x08002ae2   Data           7  stm32g0xx_hal_uart_ex.o(.constdata)
    numerator                                0x08002ae9   Data           8  stm32g0xx_hal_uart_ex.o(.constdata)
    denominator                              0x08002af1   Data           8  stm32g0xx_hal_uart_ex.o(.constdata)
    .constdata                               0x08002afc   Section      104  system_stm32g0xx.o(.constdata)
    CHANNEL_OFFSET_TAB                       0x08002afc   Data           7  system_stm32g0xx.o(.constdata)
    .data                                    0x20000000   Section        4  main.o(.data)
    .data                                    0x20000004   Section        4  flash.o(.data)
    .data                                    0x20000008   Section        9  stm32g0xx_hal.o(.data)
    .data                                    0x20000014   Section        4  system_stm32g0xx.o(.data)
    .data                                    0x20000018   Section        4  stdout.o(.data)
    .bss                                     0x2000001c   Section      148  usart.o(.bss)
    .bss                                     0x200000b0   Section       32  flash.o(.bss)
    .bss                                     0x200000d0   Section       28  stm32g0xx_hal_flash.o(.bss)
    STACK                                    0x200000f0   Section     1024  startup_stm32g071xx.o(STACK)

    Global Symbols

    Symbol Name                              Value     Ov Type        Size  Object(Section)

    BuildAttributes$$THM_ISAv3M$S$PE$A:L22$X:L11$S22$IEEE1$IW$USESV6$~STKCKD$USESV7$~SHL$OSPACE$ROPI$EBA8$MICROLIB$REQ8$PRES8$EABIv2 0x00000000   Number         0  anon$$obj.o ABSOLUTE
    __ARM_use_no_argv                        0x00000000   Number         0  main.o ABSOLUTE
    _printf_a                                0x00000000   Number         0  stubs.o ABSOLUTE
    _printf_c                                0x00000000   Number         0  stubs.o ABSOLUTE
    _printf_charcount                        0x00000000   Number         0  stubs.o ABSOLUTE
    _printf_d                                0x00000000   Number         0  stubs.o ABSOLUTE
    _printf_e                                0x00000000   Number         0  stubs.o ABSOLUTE
    _printf_f                                0x00000000   Number         0  stubs.o ABSOLUTE
    _printf_flags                            0x00000000   Number         0  stubs.o ABSOLUTE
    _printf_fp_dec                           0x00000000   Number         0  stubs.o ABSOLUTE
    _printf_fp_hex                           0x00000000   Number         0  stubs.o ABSOLUTE
    _printf_g                                0x00000000   Number         0  stubs.o ABSOLUTE
    _printf_i                                0x00000000   Number         0  stubs.o ABSOLUTE
    _printf_int_dec                          0x00000000   Number         0  stubs.o ABSOLUTE
    _printf_l                                0x00000000   Number         0  stubs.o ABSOLUTE
    _printf_lc                               0x00000000   Number         0  stubs.o ABSOLUTE
    _printf_ll                               0x00000000   Number         0  stubs.o ABSOLUTE
    _printf_lld                              0x00000000   Number         0  stubs.o ABSOLUTE
    _printf_lli                              0x00000000   Number         0  stubs.o ABSOLUTE
    _printf_llo                              0x00000000   Number         0  stubs.o ABSOLUTE
    _printf_llu                              0x00000000   Number         0  stubs.o ABSOLUTE
    _printf_llx                              0x00000000   Number         0  stubs.o ABSOLUTE
    _printf_longlong_dec                     0x00000000   Number         0  stubs.o ABSOLUTE
    _printf_longlong_hex                     0x00000000   Number         0  stubs.o ABSOLUTE
    _printf_longlong_oct                     0x00000000   Number         0  stubs.o ABSOLUTE
    _printf_ls                               0x00000000   Number         0  stubs.o ABSOLUTE
    _printf_mbtowc                           0x00000000   Number         0  stubs.o ABSOLUTE
    _printf_n                                0x00000000   Number         0  stubs.o ABSOLUTE
    _printf_o                                0x00000000   Number         0  stubs.o ABSOLUTE
    _printf_p                                0x00000000   Number         0  stubs.o ABSOLUTE
    _printf_percent                          0x00000000   Number         0  stubs.o ABSOLUTE
    _printf_pre_padding                      0x00000000   Number         0  stubs.o ABSOLUTE
    _printf_return_value                     0x00000000   Number         0  stubs.o ABSOLUTE
    _printf_s                                0x00000000   Number         0  stubs.o ABSOLUTE
    _printf_sizespec                         0x00000000   Number         0  stubs.o ABSOLUTE
    _printf_str                              0x00000000   Number         0  stubs.o ABSOLUTE
    _printf_truncate_signed                  0x00000000   Number         0  stubs.o ABSOLUTE
    _printf_truncate_unsigned                0x00000000   Number         0  stubs.o ABSOLUTE
    _printf_u                                0x00000000   Number         0  stubs.o ABSOLUTE
    _printf_wc                               0x00000000   Number         0  stubs.o ABSOLUTE
    _printf_wctomb                           0x00000000   Number         0  stubs.o ABSOLUTE
    _printf_widthprec                        0x00000000   Number         0  stubs.o ABSOLUTE
    _printf_x                                0x00000000   Number         0  stubs.o ABSOLUTE
    __arm_fini_                               - Undefined Weak Reference
    __cpp_initialize__aeabi_                  - Undefined Weak Reference
    __cxa_finalize                            - Undefined Weak Reference
    __decompress                              - Undefined Weak Reference
    _clock_init                               - Undefined Weak Reference
    _microlib_exit                            - Undefined Weak Reference
    __Vectors_Size                           0x000000bc   Number         0  startup_stm32g071xx.o ABSOLUTE
    __Vectors                                0x08000000   Data           4  startup_stm32g071xx.o(RESET)
    __Vectors_End                            0x080000bc   Data           0  startup_stm32g071xx.o(RESET)
    __main                                   0x080000bd   Thumb Code     0  entry.o(.ARM.Collect$$$$00000000)
    _main_stk                                0x080000bd   Thumb Code     0  entry2.o(.ARM.Collect$$$$00000001)
    _main_scatterload                        0x080000c1   Thumb Code     0  entry5.o(.ARM.Collect$$$$00000004)
    __main_after_scatterload                 0x080000c5   Thumb Code     0  entry5.o(.ARM.Collect$$$$00000004)
    _main_clock                              0x080000c5   Thumb Code     0  entry7b.o(.ARM.Collect$$$$00000008)
    _main_cpp_init                           0x080000c5   Thumb Code     0  entry8b.o(.ARM.Collect$$$$0000000A)
    _main_init                               0x080000c5   Thumb Code     0  entry9a.o(.ARM.Collect$$$$0000000B)
    __rt_lib_shutdown_fini                   0x080000cd   Thumb Code     0  entry12b.o(.ARM.Collect$$$$0000000E)
    __rt_final_cpp                           0x080000d1   Thumb Code     0  entry10a.o(.ARM.Collect$$$$0000000F)
    __rt_final_exit                          0x080000d1   Thumb Code     0  entry11a.o(.ARM.Collect$$$$00000011)
    Reset_Handler                            0x080000d5   Thumb Code     8  startup_stm32g071xx.o(.text)
    ADC1_COMP_IRQHandler                     0x080000e7   Thumb Code     0  startup_stm32g071xx.o(.text)
    CEC_IRQHandler                           0x080000e7   Thumb Code     0  startup_stm32g071xx.o(.text)
    DMA1_Ch4_7_DMAMUX1_OVR_IRQHandler        0x080000e7   Thumb Code     0  startup_stm32g071xx.o(.text)
    DMA1_Channel1_IRQHandler                 0x080000e7   Thumb Code     0  startup_stm32g071xx.o(.text)
    DMA1_Channel2_3_IRQHandler               0x080000e7   Thumb Code     0  startup_stm32g071xx.o(.text)
    EXTI0_1_IRQHandler                       0x080000e7   Thumb Code     0  startup_stm32g071xx.o(.text)
    EXTI2_3_IRQHandler                       0x080000e7   Thumb Code     0  startup_stm32g071xx.o(.text)
    EXTI4_15_IRQHandler                      0x080000e7   Thumb Code     0  startup_stm32g071xx.o(.text)
    FLASH_IRQHandler                         0x080000e7   Thumb Code     0  startup_stm32g071xx.o(.text)
    I2C1_IRQHandler                          0x080000e7   Thumb Code     0  startup_stm32g071xx.o(.text)
    I2C2_IRQHandler                          0x080000e7   Thumb Code     0  startup_stm32g071xx.o(.text)
    PVD_IRQHandler                           0x080000e7   Thumb Code     0  startup_stm32g071xx.o(.text)
    RCC_IRQHandler                           0x080000e7   Thumb Code     0  startup_stm32g071xx.o(.text)
    RTC_TAMP_IRQHandler                      0x080000e7   Thumb Code     0  startup_stm32g071xx.o(.text)
    SPI1_IRQHandler                          0x080000e7   Thumb Code     0  startup_stm32g071xx.o(.text)
    SPI2_IRQHandler                          0x080000e7   Thumb Code     0  startup_stm32g071xx.o(.text)
    TIM14_IRQHandler                         0x080000e7   Thumb Code     0  startup_stm32g071xx.o(.text)
    TIM15_IRQHandler                         0x080000e7   Thumb Code     0  startup_stm32g071xx.o(.text)
    TIM16_IRQHandler                         0x080000e7   Thumb Code     0  startup_stm32g071xx.o(.text)
    TIM17_IRQHandler                         0x080000e7   Thumb Code     0  startup_stm32g071xx.o(.text)
    TIM1_BRK_UP_TRG_COM_IRQHandler           0x080000e7   Thumb Code     0  startup_stm32g071xx.o(.text)
    TIM1_CC_IRQHandler                       0x080000e7   Thumb Code     0  startup_stm32g071xx.o(.text)
    TIM2_IRQHandler                          0x080000e7   Thumb Code     0  startup_stm32g071xx.o(.text)
    TIM3_IRQHandler                          0x080000e7   Thumb Code     0  startup_stm32g071xx.o(.text)
    TIM6_DAC_LPTIM1_IRQHandler               0x080000e7   Thumb Code     0  startup_stm32g071xx.o(.text)
    TIM7_LPTIM2_IRQHandler                   0x080000e7   Thumb Code     0  startup_stm32g071xx.o(.text)
    UCPD1_2_IRQHandler                       0x080000e7   Thumb Code     0  startup_stm32g071xx.o(.text)
    USART1_IRQHandler                        0x080000e7   Thumb Code     0  startup_stm32g071xx.o(.text)
    USART2_IRQHandler                        0x080000e7   Thumb Code     0  startup_stm32g071xx.o(.text)
    USART3_4_LPUART1_IRQHandler              0x080000e7   Thumb Code     0  startup_stm32g071xx.o(.text)
    WWDG_IRQHandler                          0x080000e7   Thumb Code     0  startup_stm32g071xx.o(.text)
    __aeabi_uidiv                            0x080000f1   Thumb Code     0  uidiv.o(.text)
    __aeabi_uidivmod                         0x080000f1   Thumb Code    44  uidiv.o(.text)
    __aeabi_idiv                             0x0800011d   Thumb Code     0  idiv.o(.text)
    __aeabi_idivmod                          0x0800011d   Thumb Code    40  idiv.o(.text)
    __aeabi_uldivmod                         0x08000145   Thumb Code    96  uldiv.o(.text)
    __aeabi_lmul                             0x080001a5   Thumb Code   122  llmul.o(.text)
    _ll_mul                                  0x080001a5   Thumb Code     0  llmul.o(.text)
    __aeabi_memcpy                           0x0800021f   Thumb Code    36  memcpya.o(.text)
    __aeabi_memcpy4                          0x0800021f   Thumb Code     0  memcpya.o(.text)
    __aeabi_memcpy8                          0x0800021f   Thumb Code     0  memcpya.o(.text)
    __aeabi_memset                           0x08000243   Thumb Code    14  memseta.o(.text)
    __aeabi_memset4                          0x08000243   Thumb Code     0  memseta.o(.text)
    __aeabi_memset8                          0x08000243   Thumb Code     0  memseta.o(.text)
    __aeabi_memclr                           0x08000251   Thumb Code     4  memseta.o(.text)
    __aeabi_memclr4                          0x08000251   Thumb Code     0  memseta.o(.text)
    __aeabi_memclr8                          0x08000251   Thumb Code     0  memseta.o(.text)
    _memset$wrapper                          0x08000255   Thumb Code    18  memseta.o(.text)
    memcmp                                   0x08000267   Thumb Code    26  memcmp.o(.text)
    __aeabi_llsl                             0x08000281   Thumb Code    32  llshl.o(.text)
    _ll_shift_l                              0x08000281   Thumb Code     0  llshl.o(.text)
    __aeabi_llsr                             0x080002a1   Thumb Code    34  llushr.o(.text)
    _ll_ushift_r                             0x080002a1   Thumb Code     0  llushr.o(.text)
    __scatterload                            0x080002c5   Thumb Code    28  init.o(.text)
    __scatterload_rt2                        0x080002c5   Thumb Code     0  init.o(.text)
    Error_Handler                            0x080002e9   Thumb Code     6  main.o(i.Error_Handler)
    FLASH_PageErase                          0x08000309   Thumb Code    32  stm32g0xx_hal_flash_ex.o(i.FLASH_PageErase)
    FLASH_WaitForLastOperation               0x080003ad   Thumb Code   114  stm32g0xx_hal_flash.o(i.FLASH_WaitForLastOperation)
    HAL_Delay                                0x0800042d   Thumb Code    38  stm32g0xx_hal.o(i.HAL_Delay)
    HAL_FLASHEx_Erase                        0x08000459   Thumb Code   150  stm32g0xx_hal_flash_ex.o(i.HAL_FLASHEx_Erase)
    HAL_FLASH_Lock                           0x080004f9   Thumb Code    42  stm32g0xx_hal_flash.o(i.HAL_FLASH_Lock)
    HAL_FLASH_Program                        0x08000529   Thumb Code   110  stm32g0xx_hal_flash.o(i.HAL_FLASH_Program)
    HAL_FLASH_Unlock                         0x080005a1   Thumb Code    40  stm32g0xx_hal_flash.o(i.HAL_FLASH_Unlock)
    HAL_GPIO_Init                            0x080005d5   Thumb Code   454  stm32g0xx_hal_gpio.o(i.HAL_GPIO_Init)
    HAL_GPIO_ReadPin                         0x080007ad   Thumb Code    18  stm32g0xx_hal_gpio.o(i.HAL_GPIO_ReadPin)
    HAL_GPIO_TogglePin                       0x080007bf   Thumb Code    20  stm32g0xx_hal_gpio.o(i.HAL_GPIO_TogglePin)
    HAL_GPIO_WritePin                        0x080007d3   Thumb Code    12  stm32g0xx_hal_gpio.o(i.HAL_GPIO_WritePin)
    HAL_GetTick                              0x080007e1   Thumb Code     6  stm32g0xx_hal.o(i.HAL_GetTick)
    HAL_IncTick                              0x080007ed   Thumb Code    16  stm32g0xx_hal.o(i.HAL_IncTick)
    HAL_Init                                 0x08000805   Thumb Code    40  stm32g0xx_hal.o(i.HAL_Init)
    HAL_InitTick                             0x08000831   Thumb Code    82  stm32g0xx_hal.o(i.HAL_InitTick)
    HAL_MspInit                              0x08000891   Thumb Code    64  stm32g0xx_hal_msp.o(i.HAL_MspInit)
    HAL_NVIC_SetPriority                     0x080008d5   Thumb Code    18  stm32g0xx_hal_cortex.o(i.HAL_NVIC_SetPriority)
    HAL_PWREx_ControlVoltageScaling          0x080008e9   Thumb Code    76  stm32g0xx_hal_pwr_ex.o(i.HAL_PWREx_ControlVoltageScaling)
    HAL_RCCEx_PeriphCLKConfig                0x08000941   Thumb Code   742  stm32g0xx_hal_rcc_ex.o(i.HAL_RCCEx_PeriphCLKConfig)
    HAL_RCC_ClockConfig                      0x08000c35   Thumb Code   442  stm32g0xx_hal_rcc.o(i.HAL_RCC_ClockConfig)
    HAL_RCC_GetHCLKFreq                      0x08000e09   Thumb Code     6  stm32g0xx_hal_rcc.o(i.HAL_RCC_GetHCLKFreq)
    HAL_RCC_GetPCLK1Freq                     0x08000e15   Thumb Code    32  stm32g0xx_hal_rcc.o(i.HAL_RCC_GetPCLK1Freq)
    HAL_RCC_GetSysClockFreq                  0x08000e3d   Thumb Code   216  stm32g0xx_hal_rcc.o(i.HAL_RCC_GetSysClockFreq)
    HAL_RCC_OscConfig                        0x08000f21   Thumb Code  1450  stm32g0xx_hal_rcc.o(i.HAL_RCC_OscConfig)
    HAL_SYSTICK_Config                       0x080014dd   Thumb Code    46  stm32g0xx_hal_cortex.o(i.HAL_SYSTICK_Config)
    HAL_UARTEx_DisableFifoMode               0x08001515   Thumb Code    84  stm32g0xx_hal_uart_ex.o(i.HAL_UARTEx_DisableFifoMode)
    HAL_UARTEx_SetRxFifoThreshold            0x08001569   Thumb Code    96  stm32g0xx_hal_uart_ex.o(i.HAL_UARTEx_SetRxFifoThreshold)
    HAL_UARTEx_SetTxFifoThreshold            0x080015c9   Thumb Code    94  stm32g0xx_hal_uart_ex.o(i.HAL_UARTEx_SetTxFifoThreshold)
    HAL_UART_Init                            0x08001627   Thumb Code   130  stm32g0xx_hal_uart.o(i.HAL_UART_Init)
    HAL_UART_MspInit                         0x080016a9   Thumb Code   144  usart.o(i.HAL_UART_MspInit)
    HAL_UART_Transmit                        0x08001741   Thumb Code   242  stm32g0xx_hal_uart.o(i.HAL_UART_Transmit)
    HardFault_Handler                        0x08001833   Thumb Code     4  stm32g0xx_it.o(i.HardFault_Handler)
    KEY_Init                                 0x08001839   Thumb Code    62  key.o(i.KEY_Init)
    KEY_Scan                                 0x08001881   Thumb Code    60  key.o(i.KEY_Scan)
    MX_GPIO_Init                             0x080018c1   Thumb Code    80  gpio.o(i.MX_GPIO_Init)
    MX_USART2_UART_Init                      0x08001915   Thumb Code   106  usart.o(i.MX_USART2_UART_Init)
    NMI_Handler                              0x08001989   Thumb Code     4  stm32g0xx_it.o(i.NMI_Handler)
    PendSV_Handler                           0x0800198d   Thumb Code     2  stm32g0xx_it.o(i.PendSV_Handler)
    SVC_Handler                              0x0800198f   Thumb Code     2  stm32g0xx_it.o(i.SVC_Handler)
    SysTick_Handler                          0x08001991   Thumb Code     8  stm32g0xx_it.o(i.SysTick_Handler)
    SystemClock_Config                       0x08001999   Thumb Code   122  main.o(i.SystemClock_Config)
    SystemInit                               0x08001a13   Thumb Code     2  system_stm32g0xx.o(i.SystemInit)
    UART_AdvFeatureConfig                    0x08001a7d   Thumb Code   240  stm32g0xx_hal_uart.o(i.UART_AdvFeatureConfig)
    UART_CheckIdleState                      0x08001b6d   Thumb Code   254  stm32g0xx_hal_uart.o(i.UART_CheckIdleState)
    UART_SetConfig                           0x08001cf5   Thumb Code   810  stm32g0xx_hal_uart.o(i.UART_SetConfig)
    UART_WaitOnFlagUntilTimeout              0x08002051   Thumb Code   180  stm32g0xx_hal_uart.o(i.UART_WaitOnFlagUntilTimeout)
    __0printf$8                              0x08002105   Thumb Code    24  printf8.o(i.__0printf$8)
    __1printf$8                              0x08002105   Thumb Code     0  printf8.o(i.__0printf$8)
    __2printf                                0x08002105   Thumb Code     0  printf8.o(i.__0printf$8)
    __scatterload_copy                       0x080021a3   Thumb Code    14  handlers.o(i.__scatterload_copy)
    __scatterload_null                       0x080021b1   Thumb Code     2  handlers.o(i.__scatterload_null)
    __scatterload_zeroinit                   0x080021b3   Thumb Code    14  handlers.o(i.__scatterload_zeroinit)
    calculate_checksum                       0x0800263d   Thumb Code    20  flash.o(i.calculate_checksum)
    erase_page                               0x08002651   Thumb Code    84  flash.o(i.erase_page)
    flash_lock                               0x080026b9   Thumb Code     8  flash.o(i.flash_lock)
    flash_program                            0x080026c1   Thumb Code    78  flash.o(i.flash_program)
    flash_unlock                             0x0800270f   Thumb Code     8  flash.o(i.flash_unlock)
    fputc                                    0x08002719   Thumb Code    22  usart.o(i.fputc)
    init_flash_addr                          0x08002735   Thumb Code   234  flash.o(i.init_flash_addr)
    main                                     0x080028c5   Thumb Code    78  main.o(i.main)
    printState                               0x08002935   Thumb Code    60  flash.o(i.printState)
    read_flash                               0x080029d5   Thumb Code    20  flash.o(i.read_flash)
    save_state                               0x080029e9   Thumb Code   120  flash.o(i.save_state)
    update_state                             0x08002a99   Thumb Code    42  flash.o(i.update_state)
    UARTPrescTable                           0x08002aca   Data          24  stm32g0xx_hal_uart.o(.constdata)
    AHBPrescTable                            0x08002b04   Data          64  system_stm32g0xx.o(.constdata)
    APBPrescTable                            0x08002b44   Data          32  system_stm32g0xx.o(.constdata)
    Region$$Table$$Base                      0x08002b64   Number         0  anon$$obj.o(Region$$Table)
    Region$$Table$$Limit                     0x08002b84   Number         0  anon$$obj.o(Region$$Table)
    numSaves                                 0x20000000   Data           4  main.o(.data)
    flash_addr                               0x20000004   Data           4  flash.o(.data)
    uwTick                                   0x20000008   Data           4  stm32g0xx_hal.o(.data)
    uwTickPrio                               0x2000000c   Data           4  stm32g0xx_hal.o(.data)
    uwTickFreq                               0x20000010   Data           1  stm32g0xx_hal.o(.data)
    SystemCoreClock                          0x20000014   Data           4  system_stm32g0xx.o(.data)
    __stdout                                 0x20000018   Data           4  stdout.o(.data)
    huart2                                   0x2000001c   Data         148  usart.o(.bss)
    current_state                            0x200000b0   Data          16  flash.o(.bss)
    old_state                                0x200000c0   Data          16  flash.o(.bss)
    pFlash                                   0x200000d0   Data          28  stm32g0xx_hal_flash.o(.bss)
    __initial_sp                             0x200004f0   Data           0  startup_stm32g071xx.o(STACK)



==============================================================================

Memory Map of the image

  Image Entry point : 0x080000bd

  Load Region LR_IROM1 (Base: 0x08000000, Size: 0x00002ba0, Max: 0x00020000, ABSOLUTE)

    Execution Region ER_IROM1 (Exec base: 0x08000000, Load base: 0x08000000, Size: 0x00002b84, Max: 0x00020000, ABSOLUTE)

    Exec Addr    Load Addr    Size         Type   Attr      Idx    E Section Name        Object

    0x08000000   0x08000000   0x000000bc   Data   RO         2357    RESET               startup_stm32g071xx.o
    0x080000bc   0x080000bc   0x00000000   Code   RO         2362  * .ARM.Collect$$$$00000000  mc_p.l(entry.o)
    0x080000bc   0x080000bc   0x00000004   Code   RO         2642    .ARM.Collect$$$$00000001  mc_p.l(entry2.o)
    0x080000c0   0x080000c0   0x00000004   Code   RO         2645    .ARM.Collect$$$$00000004  mc_p.l(entry5.o)
    0x080000c4   0x080000c4   0x00000000   Code   RO         2647    .ARM.Collect$$$$00000008  mc_p.l(entry7b.o)
    0x080000c4   0x080000c4   0x00000000   Code   RO         2649    .ARM.Collect$$$$0000000A  mc_p.l(entry8b.o)
    0x080000c4   0x080000c4   0x00000008   Code   RO         2650    .ARM.Collect$$$$0000000B  mc_p.l(entry9a.o)
    0x080000cc   0x080000cc   0x00000004   Code   RO         2657    .ARM.Collect$$$$0000000E  mc_p.l(entry12b.o)
    0x080000d0   0x080000d0   0x00000000   Code   RO         2652    .ARM.Collect$$$$0000000F  mc_p.l(entry10a.o)
    0x080000d0   0x080000d0   0x00000000   Code   RO         2654    .ARM.Collect$$$$00000011  mc_p.l(entry11a.o)
    0x080000d0   0x080000d0   0x00000004   Code   RO         2643    .ARM.Collect$$$$00002712  mc_p.l(entry2.o)
    0x080000d4   0x080000d4   0x0000001c   Code   RO         2358    .text               startup_stm32g071xx.o
    0x080000f0   0x080000f0   0x0000002c   Code   RO         2365    .text               mc_p.l(uidiv.o)
    0x0800011c   0x0800011c   0x00000028   Code   RO         2367    .text               mc_p.l(idiv.o)
    0x08000144   0x08000144   0x00000060   Code   RO         2369    .text               mc_p.l(uldiv.o)
    0x080001a4   0x080001a4   0x0000007a   Code   RO         2371    .text               mc_p.l(llmul.o)
    0x0800021e   0x0800021e   0x00000024   Code   RO         2373    .text               mc_p.l(memcpya.o)
    0x08000242   0x08000242   0x00000024   Code   RO         2375    .text               mc_p.l(memseta.o)
    0x08000266   0x08000266   0x0000001a   Code   RO         2377    .text               mc_p.l(memcmp.o)
    0x08000280   0x08000280   0x00000020   Code   RO         2659    .text               mc_p.l(llshl.o)
    0x080002a0   0x080002a0   0x00000022   Code   RO         2661    .text               mc_p.l(llushr.o)
    0x080002c2   0x080002c2   0x00000002   PAD
    0x080002c4   0x080002c4   0x00000024   Code   RO         2674    .text               mc_p.l(init.o)
    0x080002e8   0x080002e8   0x00000006   Code   RO            3    i.Error_Handler     main.o
    0x080002ee   0x080002ee   0x00000002   PAD
    0x080002f0   0x080002f0   0x00000018   Code   RO         1281    i.FLASH_MassErase   stm32g0xx_hal_flash_ex.o
    0x08000308   0x08000308   0x00000028   Code   RO         1293    i.FLASH_PageErase   stm32g0xx_hal_flash_ex.o
    0x08000330   0x08000330   0x00000028   Code   RO         1177    i.FLASH_Program_DoubleWord  stm32g0xx_hal_flash.o
    0x08000358   0x08000358   0x00000054   Code   RO         1178    i.FLASH_Program_Fast  stm32g0xx_hal_flash.o
    0x080003ac   0x080003ac   0x00000080   Code   RO         1179    i.FLASH_WaitForLastOperation  stm32g0xx_hal_flash.o
    0x0800042c   0x0800042c   0x0000002c   Code   RO         2040    i.HAL_Delay         stm32g0xx_hal.o
    0x08000458   0x08000458   0x000000a0   Code   RO         1297    i.HAL_FLASHEx_Erase  stm32g0xx_hal_flash_ex.o
    0x080004f8   0x080004f8   0x00000030   Code   RO         1183    i.HAL_FLASH_Lock    stm32g0xx_hal_flash.o
    0x08000528   0x08000528   0x00000078   Code   RO         1188    i.HAL_FLASH_Program  stm32g0xx_hal_flash.o
    0x080005a0   0x080005a0   0x00000034   Code   RO         1190    i.HAL_FLASH_Unlock  stm32g0xx_hal_flash.o
    0x080005d4   0x080005d4   0x000001d8   Code   RO         1426    i.HAL_GPIO_Init     stm32g0xx_hal_gpio.o
    0x080007ac   0x080007ac   0x00000012   Code   RO         1428    i.HAL_GPIO_ReadPin  stm32g0xx_hal_gpio.o
    0x080007be   0x080007be   0x00000014   Code   RO         1429    i.HAL_GPIO_TogglePin  stm32g0xx_hal_gpio.o
    0x080007d2   0x080007d2   0x0000000c   Code   RO         1430    i.HAL_GPIO_WritePin  stm32g0xx_hal_gpio.o
    0x080007de   0x080007de   0x00000002   PAD
    0x080007e0   0x080007e0   0x0000000c   Code   RO         2044    i.HAL_GetTick       stm32g0xx_hal.o
    0x080007ec   0x080007ec   0x00000018   Code   RO         2050    i.HAL_IncTick       stm32g0xx_hal.o
    0x08000804   0x08000804   0x0000002c   Code   RO         2051    i.HAL_Init          stm32g0xx_hal.o
    0x08000830   0x08000830   0x00000060   Code   RO         2052    i.HAL_InitTick      stm32g0xx_hal.o
    0x08000890   0x08000890   0x00000044   Code   RO          279    i.HAL_MspInit       stm32g0xx_hal_msp.o
    0x080008d4   0x080008d4   0x00000012   Code   RO         1920    i.HAL_NVIC_SetPriority  stm32g0xx_hal_cortex.o
    0x080008e6   0x080008e6   0x00000002   PAD
    0x080008e8   0x080008e8   0x00000058   Code   RO         1732    i.HAL_PWREx_ControlVoltageScaling  stm32g0xx_hal_pwr_ex.o
    0x08000940   0x08000940   0x000002f4   Code   RO         1132    i.HAL_RCCEx_PeriphCLKConfig  stm32g0xx_hal_rcc_ex.o
    0x08000c34   0x08000c34   0x000001d4   Code   RO         1014    i.HAL_RCC_ClockConfig  stm32g0xx_hal_rcc.o
    0x08000e08   0x08000e08   0x0000000c   Code   RO         1020    i.HAL_RCC_GetHCLKFreq  stm32g0xx_hal_rcc.o
    0x08000e14   0x08000e14   0x00000028   Code   RO         1022    i.HAL_RCC_GetPCLK1Freq  stm32g0xx_hal_rcc.o
    0x08000e3c   0x08000e3c   0x000000e4   Code   RO         1024    i.HAL_RCC_GetSysClockFreq  stm32g0xx_hal_rcc.o
    0x08000f20   0x08000f20   0x000005bc   Code   RO         1028    i.HAL_RCC_OscConfig  stm32g0xx_hal_rcc.o
    0x080014dc   0x080014dc   0x00000038   Code   RO         1924    i.HAL_SYSTICK_Config  stm32g0xx_hal_cortex.o
    0x08001514   0x08001514   0x00000054   Code   RO          883    i.HAL_UARTEx_DisableFifoMode  stm32g0xx_hal_uart_ex.o
    0x08001568   0x08001568   0x00000060   Code   RO          892    i.HAL_UARTEx_SetRxFifoThreshold  stm32g0xx_hal_uart_ex.o
    0x080015c8   0x080015c8   0x0000005e   Code   RO          893    i.HAL_UARTEx_SetTxFifoThreshold  stm32g0xx_hal_uart_ex.o
    0x08001626   0x08001626   0x00000082   Code   RO          478    i.HAL_UART_Init     stm32g0xx_hal_uart.o
    0x080016a8   0x080016a8   0x00000098   Code   RO          186    i.HAL_UART_MspInit  usart.o
    0x08001740   0x08001740   0x000000f2   Code   RO          487    i.HAL_UART_Transmit  stm32g0xx_hal_uart.o
    0x08001832   0x08001832   0x00000004   Code   RO          230    i.HardFault_Handler  stm32g0xx_it.o
    0x08001836   0x08001836   0x00000002   PAD
    0x08001838   0x08001838   0x00000048   Code   RO          301    i.KEY_Init          key.o
    0x08001880   0x08001880   0x00000040   Code   RO          302    i.KEY_Scan          key.o
    0x080018c0   0x080018c0   0x00000054   Code   RO          163    i.MX_GPIO_Init      gpio.o
    0x08001914   0x08001914   0x00000074   Code   RO          187    i.MX_USART2_UART_Init  usart.o
    0x08001988   0x08001988   0x00000004   Code   RO          231    i.NMI_Handler       stm32g0xx_it.o
    0x0800198c   0x0800198c   0x00000002   Code   RO          232    i.PendSV_Handler    stm32g0xx_it.o
    0x0800198e   0x0800198e   0x00000002   Code   RO          233    i.SVC_Handler       stm32g0xx_it.o
    0x08001990   0x08001990   0x00000008   Code   RO          234    i.SysTick_Handler   stm32g0xx_it.o
    0x08001998   0x08001998   0x0000007a   Code   RO            4    i.SystemClock_Config  main.o
    0x08001a12   0x08001a12   0x00000002   Code   RO         2325    i.SystemInit        system_stm32g0xx.o
    0x08001a14   0x08001a14   0x00000068   Code   RO          897    i.UARTEx_SetNbDataToProcess  stm32g0xx_hal_uart_ex.o
    0x08001a7c   0x08001a7c   0x000000f0   Code   RO          492    i.UART_AdvFeatureConfig  stm32g0xx_hal_uart.o
    0x08001b6c   0x08001b6c   0x00000104   Code   RO          493    i.UART_CheckIdleState  stm32g0xx_hal_uart.o
    0x08001c70   0x08001c70   0x00000084   Code   RO          504    i.UART_EndRxTransfer  stm32g0xx_hal_uart.o
    0x08001cf4   0x08001cf4   0x0000035c   Code   RO          511    i.UART_SetConfig    stm32g0xx_hal_uart.o
    0x08002050   0x08002050   0x000000b4   Code   RO          518    i.UART_WaitOnFlagUntilTimeout  stm32g0xx_hal_uart.o
    0x08002104   0x08002104   0x00000020   Code   RO         2588    i.__0printf$8       mc_p.l(printf8.o)
    0x08002124   0x08002124   0x00000078   Code   RO         1926    i.__NVIC_SetPriority  stm32g0xx_hal_cortex.o
    0x0800219c   0x0800219c   0x00000006   Code   RO          519    i.__get_PRIMASK     stm32g0xx_hal_uart.o
    0x080021a2   0x080021a2   0x0000000e   Code   RO         2684    i.__scatterload_copy  mc_p.l(handlers.o)
    0x080021b0   0x080021b0   0x00000002   Code   RO         2685    i.__scatterload_null  mc_p.l(handlers.o)
    0x080021b2   0x080021b2   0x0000000e   Code   RO         2686    i.__scatterload_zeroinit  mc_p.l(handlers.o)
    0x080021c0   0x080021c0   0x00000006   Code   RO          520    i.__set_PRIMASK     stm32g0xx_hal_uart.o
    0x080021c6   0x080021c6   0x00000002   PAD
    0x080021c8   0x080021c8   0x00000428   Code   RO         2595    i._printf_core      mc_p.l(printf8.o)
    0x080025f0   0x080025f0   0x00000020   Code   RO         2596    i._printf_post_padding  mc_p.l(printf8.o)
    0x08002610   0x08002610   0x0000002c   Code   RO         2597    i._printf_pre_padding  mc_p.l(printf8.o)
    0x0800263c   0x0800263c   0x00000014   Code   RO          329    i.calculate_checksum  flash.o
    0x08002650   0x08002650   0x00000068   Code   RO          330    i.erase_page        flash.o
    0x080026b8   0x080026b8   0x00000008   Code   RO          331    i.flash_lock        flash.o
    0x080026c0   0x080026c0   0x0000004e   Code   RO          332    i.flash_program     flash.o
    0x0800270e   0x0800270e   0x00000008   Code   RO          333    i.flash_unlock      flash.o
    0x08002716   0x08002716   0x00000002   PAD
    0x08002718   0x08002718   0x0000001c   Code   RO          188    i.fputc             usart.o
    0x08002734   0x08002734   0x00000190   Code   RO          335    i.init_flash_addr   flash.o
    0x080028c4   0x080028c4   0x00000070   Code   RO            5    i.main              main.o
    0x08002934   0x08002934   0x000000a0   Code   RO          336    i.printState        flash.o
    0x080029d4   0x080029d4   0x00000014   Code   RO          337    i.read_flash        flash.o
    0x080029e8   0x080029e8   0x000000b0   Code   RO          338    i.save_state        flash.o
    0x08002a98   0x08002a98   0x0000002a   Code   RO          339    i.update_state      flash.o
    0x08002ac2   0x08002ac2   0x00000020   Data   RO          521    .constdata          stm32g0xx_hal_uart.o
    0x08002ae2   0x08002ae2   0x00000017   Data   RO          901    .constdata          stm32g0xx_hal_uart_ex.o
    0x08002af9   0x08002af9   0x00000003   PAD
    0x08002afc   0x08002afc   0x00000068   Data   RO         2326    .constdata          system_stm32g0xx.o
    0x08002b64   0x08002b64   0x00000020   Data   RO         2682    Region$$Table       anon$$obj.o


    Execution Region RW_IRAM1 (Exec base: 0x20000000, Load base: 0x08002b84, Size: 0x000004f0, Max: 0x00009000, ABSOLUTE)

    Exec Addr    Load Addr    Size         Type   Attr      Idx    E Section Name        Object

    0x20000000   0x08002b84   0x00000004   Data   RW            7    .data               main.o
    0x20000004   0x08002b88   0x00000004   Data   RW          342    .data               flash.o
    0x20000008   0x08002b8c   0x00000009   Data   RW         2069    .data               stm32g0xx_hal.o
    0x20000011   0x08002b95   0x00000003   PAD
    0x20000014   0x08002b98   0x00000004   Data   RW         2327    .data               system_stm32g0xx.o
    0x20000018   0x08002b9c   0x00000004   Data   RW         2658    .data               mc_p.l(stdout.o)
    0x2000001c        -       0x00000094   Zero   RW          189    .bss                usart.o
    0x200000b0        -       0x00000020   Zero   RW          340    .bss                flash.o
    0x200000d0        -       0x0000001c   Zero   RW         1191    .bss                stm32g0xx_hal_flash.o
    0x200000ec   0x08002ba0   0x00000004   PAD
    0x200000f0        -       0x00000400   Zero   RW         2355    STACK               startup_stm32g071xx.o


==============================================================================

Image component sizes


      Code (inc. data)   RO Data    RW Data    ZI Data      Debug   Object Name

      1016        342          0          4         32       7335   flash.o
        84          4          0          0          0        847   gpio.o
       136         14          0          0          0       1438   key.o
       240         34          0          4          0     457789   main.o
        28          8        188          0       1024        608   startup_stm32g071xx.o
       220         38          0          9          0      18613   stm32g0xx_hal.o
       194         20          0          0          0      11532   stm32g0xx_hal_cortex.o
       472         52          0          0         28      15910   stm32g0xx_hal_flash.o
       224         24          0          0          0       2446   stm32g0xx_hal_flash_ex.o
       522         18          0          0          0       3276   stm32g0xx_hal_gpio.o
        68          4          0          0          0        858   stm32g0xx_hal_msp.o
        88         12          0          0          0        758   stm32g0xx_hal_pwr_ex.o
      2216         96          0          0          0      24605   stm32g0xx_hal_rcc.o
       756         14          0          0          0       1736   stm32g0xx_hal_rcc_ex.o
      2056         60         32          0          0      29958   stm32g0xx_hal_uart.o
       378         10         23          0          0       3881   stm32g0xx_hal_uart_ex.o
        20          0          0          0          0       2211   stm32g0xx_it.o
         2          0        104          4          0       1187   system_stm32g0xx.o
       296         24          0          0        148       2394   usart.o

    ----------------------------------------------------------------------
      9028        774        382         24       1236     587382   Object Totals
         0          0         32          0          0          0   (incl. Generated)
        12          0          3          3          4          0   (incl. Padding)

    ----------------------------------------------------------------------

      Code (inc. data)   RO Data    RW Data    ZI Data      Debug   Library Member Name

         0          0          0          0          0          0   entry.o
         0          0          0          0          0          0   entry10a.o
         0          0          0          0          0          0   entry11a.o
         4          0          0          0          0          0   entry12b.o
         8          4          0          0          0          0   entry2.o
         4          0          0          0          0          0   entry5.o
         0          0          0          0          0          0   entry7b.o
         0          0          0          0          0          0   entry8b.o
         8          4          0          0          0          0   entry9a.o
        30          0          0          0          0          0   handlers.o
        40          0          0          0          0         72   idiv.o
        36          8          0          0          0         68   init.o
       122          0          0          0          0         84   llmul.o
        32          0          0          0          0         68   llshl.o
        34          0          0          0          0         68   llushr.o
        26          0          0          0          0         72   memcmp.o
        36          0          0          0          0         60   memcpya.o
        36          0          0          0          0        100   memseta.o
      1172         52          0          0          0        324   printf8.o
         0          0          0          4          0          0   stdout.o
        44          0          0          0          0         72   uidiv.o
        96          0          0          0          0         84   uldiv.o

    ----------------------------------------------------------------------
      1730         68          0          4          0       1072   Library Totals
         2          0          0          0          0          0   (incl. Padding)

    ----------------------------------------------------------------------

      Code (inc. data)   RO Data    RW Data    ZI Data      Debug   Library Name

      1728         68          0          4          0       1072   mc_p.l

    ----------------------------------------------------------------------
      1730         68          0          4          0       1072   Library Totals

    ----------------------------------------------------------------------

==============================================================================


      Code (inc. data)   RO Data    RW Data    ZI Data      Debug   

     10758        842        382         28       1236     585350   Grand Totals
     10758        842        382         28       1236     585350   ELF Image Totals
     10758        842        382         28          0          0   ROM Totals

==============================================================================

    Total RO  Size (Code + RO Data)                11140 (  10.88kB)
    Total RW  Size (RW Data + ZI Data)              1264 (   1.23kB)
    Total ROM Size (Code + RO Data + RW Data)      11168 (  10.91kB)

==============================================================================

